usbd_cdc.c:738:16:USBD_CDC_EP0_RxReady	8	static
usbd_cdc.c:761:17:USBD_CDC_GetFSCfgDesc	0	static
usbd_cdc.c:775:17:USBD_CDC_GetHSCfgDesc	0	static
usbd_cdc.c:789:17:USBD_CDC_GetOtherSpeedCfgDesc	0	static
usbd_cdc.c:802:10:USBD_CDC_GetDeviceQualifierDescriptor	0	static
usbd_cdc.c:712:16:USBD_CDC_DataOut	16	static
usbd_cdc.c:675:16:USBD_CDC_DataIn	24	static
usbd_cdc.c:578:16:USBD_CDC_Setup	40	static
usbd_cdc.c:542:16:USBD_CDC_DeInit	16	static
usbd_cdc.c:456:16:USBD_CDC_Init	24	static
usbd_cdc.c:815:9:USBD_CDC_RegisterInterface	0	static
usbd_cdc.c:834:9:USBD_CDC_SetTxBuffer	0	static
usbd_cdc.c:852:9:USBD_CDC_SetRxBuffer	0	static
usbd_cdc.c:867:9:USBD_CDC_TransmitPacket	8	static
usbd_cdc.c:901:9:USBD_CDC_ReceivePacket	8	static
