motion_control.c:336:21:eval_bezier	0	static
motion_control.c:96:6:mc_line	16	static
motion_control.c:213:6:mc_arc	96	static
motion_control.c:396:6:mc_cubic_b_spline	88	static
motion_control.c:594:6:mc_thread	80	static
motion_control.c:712:15:mc_jog_execute	16	static
motion_control.c:739:6:mc_dwell	16	static
motion_control.c:490:6:mc_canned_drill	72	static
motion_control.c:855:12:mc_probe_cycle	40	static
motion_control.c:927:6:mc_parking_motion	16	static
motion_control.c:945:6:mc_override_ctrl_update	8	static
motion_control.c:958:15:mc_reset	16	static
motion_control.c:751:15:mc_homing_cycle	40	static
