report.c:189:21:axis_signals_tostring	0	static
report.c:222:21:control_signals_tostring	8	static
report.c:320:16:report_feedback_message	16	static
report.c:513:12:cmp_settings	0	static
report.c:1778:14:add_limits	16	static
report.c:176:14:get_rate_value_mm	0	static
report.c:182:14:get_rate_value_inch	0	static
report.c:126:14:get_axis_values_mm	24	static
report.c:145:14:get_axis_values_inches	32	static
report.c:164:14:get_axis_value_mm	8	static
report.c:170:14:get_axis_value_inches	8	static
report.c:112:14:map_coord_system	8	static
report.c:92:14:appendbuf	24	static
report.c:518:13:report_setting	16	static
report.c:1392:13:report_bitfield	48	static
report.c:1423:13:report_settings_detail	24	static
report.c:1594:13:print_unsorted	16	static
report.c:1525:13:print_sorted	8	static
report.c:1720:12:cmp_setting_group_name	0	static
report.c:547:13:print_setting	16	static
report.c:266:15:report_status_message	16	static
report.c:1603:22:print_settings_details.isra.0	56	static
report.c:424:13:report_group_settings	32	static
report.c:1696:13:print_setting_group	16	static
report.c:1715:12:cmp_setting_group_id	0	static
report.c:248:6:report_init	0	static
report.c:255:6:report_init_fns	0	static
report.c:284:14:report_alarm_message	16	static
report.c:293:6:report_message	16	static
report.c:406:6:report_init_message	0	static
report.c:417:6:report_grbl_help	0	static
report.c:533:15:report_grbl_setting	16	static
report.c:560:6:report_grbl_settings	40	static
report.c:614:6:report_probe_parameters	32	static
report.c:627:6:report_home_position	16	static
report.c:637:6:report_tool_offsets	16	static
report.c:649:6:report_ngc_parameters	48	static
report.c:741:6:report_gcode_modes	24	static
report.c:865:6:report_startup_line	16	static
report.c:872:6:report_execute_startup_message	16	static
report.c:881:6:report_build_info	24	static
report.c:1089:6:report_echo_line_received	16	static
report.c:1102:6:report_realtime_status	96	static
report.c:1636:15:report_settings_details	16	static
report.c:1656:15:report_alarm_details	32	static
report.c:1676:15:report_error_details	32	static
report.c:1761:15:report_setting_group_details	24	static
report.c:444:15:report_help	24	static
report.c:1791:15:report_last_signals_event	16	static
report.c:1807:15:report_current_limit_state	24	static
report.c:1823:15:report_spindle_data	24	static
report.c:1844:6:report_pid_log	0	static
