settings.c:459:22:set_probe_invert	8	static
settings.c:470:22:set_report_mask	0	static
settings.c:491:22:set_control_invert	0	static
settings.c:509:22:set_control_disable_pullup	0	static
settings.c:516:22:set_probe_disable_pullup	0	static
settings.c:526:22:set_soft_limits_enable	0	static
settings.c:536:22:set_hard_limits_enable	8	static
settings.c:547:22:set_jog_soft_limited	0	static
settings.c:578:22:set_enable_legacy_rt_commands	0	static
settings.c:593:22:set_mode	0	static
settings.c:649:22:set_sleep_enable	0	static
settings.c:656:22:set_hold_actions	0	static
settings.c:664:22:set_force_initialization_alarm	0	static
settings.c:671:22:set_probe_allow_feed_override	0	static
settings.c:693:22:set_tool_change_probing_distance	0	static
settings.c:865:17:get_int	0	static
settings.c:1275:20:is_available	8	static
settings.c:1515:14:remove_element	0	static
settings.c:678:22:set_tool_change_mode	8	static
settings.c:585:22:set_homing_cycle	8	static
settings.c:482:22:set_report_inches	8	static
settings.c:975:23:get_decimal_places	16	static
settings.c:1450:22:validate_value	24	static
settings.c:498:22:set_spindle_invert	0	static
settings.c:557:22:set_homing_enable	0	static
settings.c:742:28:normalize_id	0	static
settings.c:1053:13:is_setting_available	8	static
settings.c:1207:6:settings_write_global	8	static
settings.c:1478:17:strnumentries.constprop	8	static
settings.c:452:20:settings_get_details	0	static
settings.c:753:14:settings_get_axis_base	8	static
settings.c:813:14:get_float	16	static
settings.c:761:22:set_axis_setting	24	static
settings.c:982:7:setting_get_value	16	static
settings.c:1092:6:settings_write_build_info	4	static
settings.c:1099:6:settings_read_build_info	16	static
settings.c:1111:6:settings_write_startup_line	16	static
settings.c:1124:6:settings_read_startup_line	16	static
settings.c:1138:6:settings_write_coord_data	8	static
settings.c:1151:6:settings_read_coord_data	16	static
settings.c:1165:6:settings_write_tool_data	0	static
settings.c:1180:6:settings_read_tool_data	0	static
settings.c:1198:6:read_global_settings	16	static
settings.c:1217:6:settings_restore	104	static
settings.c:1280:6:settings_is_group_available	24	static
settings.c:1351:17:settings_normalize_group	0	static
settings.c:1373:6:settings_iterator	40	static
settings.c:1427:25:setting_get_details	32	static
settings.c:1540:13:setting_remove_element	16	static
settings.c:1494:20:setting_datatype_to_external	0	static
settings.c:1510:6:setting_is_list	0	static
settings.c:1576:15:setting_validate_me	16	static
settings.c:1630:15:setting_validate	16	static
settings.c:1639:15:settings_store_setting	40	static
settings.c:1744:6:settings_init	24	static
