stepper.c:176:13:output_message	8	static
stepper.c:186:6:st_deenergize	8	static
stepper.c:197:6:st_wake_up	0	static
stepper.c:213:15:st_go_idle	16	static
stepper.c:277:15:stepper_driver_interrupt_handler	24	static
stepper.c:490:6:st_reset	24	static
stepper.c:544:6:st_rpm_changed	0	static
stepper.c:550:6:st_update_plan_block_parameters	0	static
stepper.c:560:6:st_parking_setup_buffer	16	static
stepper.c:578:6:st_parking_restore_buffer	16	static
stepper.c:609:6:st_prep_buffer	72	static
stepper.c:1037:7:st_get_realtime_rate	8	static
