system.c:144:15:spindle_reset_data	8	static
system.c:399:22:toggle_block_delete	8	static
system.c:325:22:enumerate_alarms	0	static
system.c:330:22:enumerate_errors	0	static
system.c:335:22:enumerate_groups	0	static
system.c:345:22:enumerate_all	8	static
system.c:340:22:enumerate_settings	0	static
system.c:312:22:jog	8	static
system.c:674:22:output_startup_lines	80	static
system.c:626:22:settings_reset	8	static
system.c:616:22:output_all_build_info	80	static
system.c:584:22:tool_probe_workpiece	0	static
system.c:561:22:set_tool_reference	16	static
system.c:458:22:output_help	0	static
system.c:589:22:output_ngc_parameters	8	static
system.c:391:22:output_parser_state	8	static
system.c:549:22:enter_sleep	8	static
system.c:694:22:set_startup_line	16	static
system.c:720:22:set_startup_line1	0	static
system.c:715:22:set_startup_line0	0	static
system.c:596:22:build_info	80	static
system.c:407:22:check_mode	8	static
system.c:424:22:disable_lock	24	static
system.c:80:15:control_interrupt_handler	16	static
system.c:127:6:system_execute_startup	80	static
system.c:463:22:go_home.isra.0	16	static
system.c:523:22:home_z	0	static
system.c:518:22:home_y	0	static
system.c:513:22:home_x	0	static
system.c:508:22:home	0	static
system.c:152:15:read_int	32	static
system.c:374:22:output_all_settings	16	static
system.c:353:22:output_settings	16	static
system.c:224:15:system_execute_line	72	static
system.c:736:6:system_flag_wco_change	8	static
system.c:747:6:system_convert_array_steps_to_mpos	0	static
system.c:763:6:system_check_travel_limits	8	static
system.c:788:6:system_apply_jog_limits	24	static
system.c:818:6:system_raise_alarm	16	static
