Archive member included to satisfy reference by file (symbol)

c:/st/stm32cubeide_1.5.0/stm32cubeide/plugins/com.st.stm32cube.ide.mcu.externaltools.gnu-tools-for-stm32.9-2020-q2-update.win32_1.5.0.202011040924/tools/bin/../lib/gcc/arm-none-eabi/9.3.1/../../../../arm-none-eabi/lib/thumb/v7e-m+fp/hard\libc_nano.a(lib_a-assert.o)
                              grbl/settings.o (__assert_func)
c:/st/stm32cubeide_1.5.0/stm32cubeide/plugins/com.st.stm32cube.ide.mcu.externaltools.gnu-tools-for-stm32.9-2020-q2-update.win32_1.5.0.202011040924/tools/bin/../lib/gcc/arm-none-eabi/9.3.1/../../../../arm-none-eabi/lib/thumb/v7e-m+fp/hard\libc_nano.a(lib_a-calloc.o)
                              grbl/report.o (calloc)
c:/st/stm32cubeide_1.5.0/stm32cubeide/plugins/com.st.stm32cube.ide.mcu.externaltools.gnu-tools-for-stm32.9-2020-q2-update.win32_1.5.0.202011040924/tools/bin/../lib/gcc/arm-none-eabi/9.3.1/../../../../arm-none-eabi/lib/thumb/v7e-m+fp/hard\libc_nano.a(lib_a-errno.o)
                              Src/syscalls.o (__errno)
c:/st/stm32cubeide_1.5.0/stm32cubeide/plugins/com.st.stm32cube.ide.mcu.externaltools.gnu-tools-for-stm32.9-2020-q2-update.win32_1.5.0.202011040924/tools/bin/../lib/gcc/arm-none-eabi/9.3.1/../../../../arm-none-eabi/lib/thumb/v7e-m+fp/hard\libc_nano.a(lib_a-exit.o)
                              c:/st/stm32cubeide_1.5.0/stm32cubeide/plugins/com.st.stm32cube.ide.mcu.externaltools.gnu-tools-for-stm32.9-2020-q2-update.win32_1.5.0.202011040924/tools/bin/../lib/gcc/arm-none-eabi/9.3.1/../../../../arm-none-eabi/lib/thumb/v7e-m+fp/hard/crt0.o (exit)
c:/st/stm32cubeide_1.5.0/stm32cubeide/plugins/com.st.stm32cube.ide.mcu.externaltools.gnu-tools-for-stm32.9-2020-q2-update.win32_1.5.0.202011040924/tools/bin/../lib/gcc/arm-none-eabi/9.3.1/../../../../arm-none-eabi/lib/thumb/v7e-m+fp/hard\libc_nano.a(lib_a-fprintf.o)
                              c:/st/stm32cubeide_1.5.0/stm32cubeide/plugins/com.st.stm32cube.ide.mcu.externaltools.gnu-tools-for-stm32.9-2020-q2-update.win32_1.5.0.202011040924/tools/bin/../lib/gcc/arm-none-eabi/9.3.1/../../../../arm-none-eabi/lib/thumb/v7e-m+fp/hard\libc_nano.a(lib_a-assert.o) (fiprintf)
c:/st/stm32cubeide_1.5.0/stm32cubeide/plugins/com.st.stm32cube.ide.mcu.externaltools.gnu-tools-for-stm32.9-2020-q2-update.win32_1.5.0.202011040924/tools/bin/../lib/gcc/arm-none-eabi/9.3.1/../../../../arm-none-eabi/lib/thumb/v7e-m+fp/hard\libc_nano.a(lib_a-impure.o)
                              c:/st/stm32cubeide_1.5.0/stm32cubeide/plugins/com.st.stm32cube.ide.mcu.externaltools.gnu-tools-for-stm32.9-2020-q2-update.win32_1.5.0.202011040924/tools/bin/../lib/gcc/arm-none-eabi/9.3.1/../../../../arm-none-eabi/lib/thumb/v7e-m+fp/hard\libc_nano.a(lib_a-exit.o) (_global_impure_ptr)
c:/st/stm32cubeide_1.5.0/stm32cubeide/plugins/com.st.stm32cube.ide.mcu.externaltools.gnu-tools-for-stm32.9-2020-q2-update.win32_1.5.0.202011040924/tools/bin/../lib/gcc/arm-none-eabi/9.3.1/../../../../arm-none-eabi/lib/thumb/v7e-m+fp/hard\libc_nano.a(lib_a-init.o)
                              c:/st/stm32cubeide_1.5.0/stm32cubeide/plugins/com.st.stm32cube.ide.mcu.externaltools.gnu-tools-for-stm32.9-2020-q2-update.win32_1.5.0.202011040924/tools/bin/../lib/gcc/arm-none-eabi/9.3.1/../../../../arm-none-eabi/lib/thumb/v7e-m+fp/hard/crt0.o (__libc_init_array)
c:/st/stm32cubeide_1.5.0/stm32cubeide/plugins/com.st.stm32cube.ide.mcu.externaltools.gnu-tools-for-stm32.9-2020-q2-update.win32_1.5.0.202011040924/tools/bin/../lib/gcc/arm-none-eabi/9.3.1/../../../../arm-none-eabi/lib/thumb/v7e-m+fp/hard\libc_nano.a(lib_a-malloc.o)
                              Middlewares/ST/STM32_USB_Device_Library/Class/CDC/Src/usbd_cdc.o (malloc)
c:/st/stm32cubeide_1.5.0/stm32cubeide/plugins/com.st.stm32cube.ide.mcu.externaltools.gnu-tools-for-stm32.9-2020-q2-update.win32_1.5.0.202011040924/tools/bin/../lib/gcc/arm-none-eabi/9.3.1/../../../../arm-none-eabi/lib/thumb/v7e-m+fp/hard\libc_nano.a(lib_a-memcmp.o)
                              Src/flash.o (memcmp)
c:/st/stm32cubeide_1.5.0/stm32cubeide/plugins/com.st.stm32cube.ide.mcu.externaltools.gnu-tools-for-stm32.9-2020-q2-update.win32_1.5.0.202011040924/tools/bin/../lib/gcc/arm-none-eabi/9.3.1/../../../../arm-none-eabi/lib/thumb/v7e-m+fp/hard\libc_nano.a(lib_a-memcpy-stub.o)
                              Src/flash.o (memcpy)
c:/st/stm32cubeide_1.5.0/stm32cubeide/plugins/com.st.stm32cube.ide.mcu.externaltools.gnu-tools-for-stm32.9-2020-q2-update.win32_1.5.0.202011040924/tools/bin/../lib/gcc/arm-none-eabi/9.3.1/../../../../arm-none-eabi/lib/thumb/v7e-m+fp/hard\libc_nano.a(lib_a-memset.o)
                              c:/st/stm32cubeide_1.5.0/stm32cubeide/plugins/com.st.stm32cube.ide.mcu.externaltools.gnu-tools-for-stm32.9-2020-q2-update.win32_1.5.0.202011040924/tools/bin/../lib/gcc/arm-none-eabi/9.3.1/../../../../arm-none-eabi/lib/thumb/v7e-m+fp/hard/crt0.o (memset)
[...]
Memory Configuration

Name             Origin             Length             Attributes
RAM              0x0000000020000000 0x0000000000010000 xrw
BOOT_FLASH       0x0000000008000000 0x0000000000004000 xr
EEPROM_EMUL      0x0000000008004000 0x0000000000004000 xrw
FLASH            0x0000000008008000 0x0000000000038000 xr
*default*        0x0000000000000000 0xffffffffffffffff

Linker script and memory map

LOAD c:/st/stm32cubeide_1.5.0/stm32cubeide/plugins/com.st.stm32cube.ide.mcu.externaltools.gnu-tools-for-stm32.9-2020-q2-update.win32_1.5.0.202011040924/tools/bin/../lib/gcc/arm-none-eabi/9.3.1/thumb/v7e-m+fp/hard/crti.o
LOAD c:/st/stm32cubeide_1.5.0/stm32cubeide/plugins/com.st.stm32cube.ide.mcu.externaltools.gnu-tools-for-stm32.9-2020-q2-update.win32_1.5.0.202011040924/tools/bin/../lib/gcc/arm-none-eabi/9.3.1/thumb/v7e-m+fp/hard/crtbegin.o
LOAD c:/st/stm32cubeide_1.5.0/stm32cubeide/plugins/com.st.stm32cube.ide.mcu.externaltools.gnu-tools-for-stm32.9-2020-q2-update.win32_1.5.0.202011040924/tools/bin/../lib/gcc/arm-none-eabi/9.3.1/../../../../arm-none-eabi/lib/thumb/v7e-m+fp/hard/crt0.o
LOAD Drivers/STM32F4xx_HAL_Driver/Src/stm32f4xx_hal.o
LOAD Drivers/STM32F4xx_HAL_Driver/Src/stm32f4xx_hal_cortex.o
LOAD Drivers/STM32F4xx_HAL_Driver/Src/stm32f4xx_hal_dma.o
LOAD Drivers/STM32F4xx_HAL_Driver/Src/stm32f4xx_hal_dma_ex.o
LOAD Drivers/STM32F4xx_HAL_Driver/Src/stm32f4xx_hal_exti.o
LOAD Drivers/STM32F4xx_HAL_Driver/Src/stm32f4xx_hal_flash.o
LOAD Drivers/STM32F4xx_HAL_Driver/Src/stm32f4xx_hal_flash_ex.o
LOAD Drivers/STM32F4xx_HAL_Driver/Src/stm32f4xx_hal_flash_ramfunc.o
LOAD Drivers/STM32F4xx_HAL_Driver/Src/stm32f4xx_hal_gpio.o
LOAD Drivers/STM32F4xx_HAL_Driver/Src/stm32f4xx_hal_i2c.o
LOAD Drivers/STM32F4xx_HAL_Driver/Src/stm32f4xx_hal_i2c_ex.o
LOAD Drivers/STM32F4xx_HAL_Driver/Src/stm32f4xx_hal_i2s.o
LOAD Drivers/STM32F4xx_HAL_Driver/Src/stm32f4xx_hal_i2s_ex.o
LOAD Drivers/STM32F4xx_HAL_Driver/Src/stm32f4xx_hal_pcd.o
LOAD Drivers/STM32F4xx_HAL_Driver/Src/stm32f4xx_hal_pcd_ex.o
LOAD Drivers/STM32F4xx_HAL_Driver/Src/stm32f4xx_hal_pwr.o
LOAD Drivers/STM32F4xx_HAL_Driver/Src/stm32f4xx_hal_pwr_ex.o
LOAD Drivers/STM32F4xx_HAL_Driver/Src/stm32f4xx_hal_rcc.o
LOAD Drivers/STM32F4xx_HAL_Driver/Src/stm32f4xx_hal_rcc_ex.o
LOAD Drivers/STM32F4xx_HAL_Driver/Src/stm32f4xx_hal_spi.o
LOAD Drivers/STM32F4xx_HAL_Driver/Src/stm32f4xx_hal_tim.o
LOAD Drivers/STM32F4xx_HAL_Driver/Src/stm32f4xx_hal_tim_ex.o
LOAD Drivers/STM32F4xx_HAL_Driver/Src/stm32f4xx_hal_uart.o
LOAD Drivers/STM32F4xx_HAL_Driver/Src/stm32f4xx_ll_usb.o
LOAD Middlewares/ST/STM32_USB_Device_Library/Class/CDC/Src/usbd_cdc.o
LOAD Middlewares/ST/STM32_USB_Device_Library/Core/Src/usbd_core.o
LOAD Middlewares/ST/STM32_USB_Device_Library/Core/Src/usbd_ctlreq.o
LOAD Middlewares/ST/STM32_USB_Device_Library/Core/Src/usbd_ioreq.o
LOAD Src/diskio.o
LOAD Src/driver.o
LOAD Src/flash.o
LOAD Src/i2c.o
LOAD Src/main.o
LOAD Src/serial.o
LOAD Src/spi.o
LOAD Src/st_morpho.o
LOAD Src/st_morpo_dac.o
LOAD Src/stm32f4xx_hal_msp.o
LOAD Src/stm32f4xx_it.o
LOAD Src/syscalls.o
LOAD Src/sysmem.o
LOAD Src/system_stm32f4xx.o
LOAD Src/usb_device.o
LOAD Src/usb_serial.o
LOAD Src/usbd_cdc_if.o
LOAD Src/usbd_conf.o
LOAD Src/usbd_desc.o
LOAD Startup/startup_stm32f401ccux.o
LOAD eeprom/eeprom_24AAxxx.o
LOAD eeprom/eeprom_24LC16B.o
LOAD grbl/coolant_control.o
LOAD grbl/corexy.o
LOAD grbl/gcode.o
LOAD grbl/grbllib.o
LOAD grbl/limits.o
LOAD grbl/maslow.o
LOAD grbl/motion_control.o
LOAD grbl/my_plugin.o
LOAD grbl/nuts_bolts.o
LOAD grbl/nvs_buffer.o
LOAD grbl/override.o
LOAD grbl/pid.o
LOAD grbl/planner.o
LOAD grbl/protocol.o
LOAD grbl/report.o
LOAD grbl/settings.o
LOAD grbl/sleep.o
LOAD grbl/spindle_control.o
LOAD grbl/state_machine.o
LOAD grbl/stepper.o
LOAD grbl/system.o
LOAD grbl/tool_change.o
LOAD grbl/wall_plotter.o
LOAD keypad/keypad.o
LOAD laser/coolant.o
LOAD laser/ppi.o
LOAD motors/trinamic.o
LOAD odometer/odometer.o
LOAD sdcard/sdcard.o
LOAD trinamic/common.o
LOAD trinamic/tmc2130.o
LOAD trinamic/tmc2130hal.o
LOAD trinamic/tmc2209.o
LOAD trinamic/tmc2209hal.o
LOAD trinamic/tmc26x.o
LOAD trinamic/tmc5160.o
LOAD trinamic/tmc5160hal.o
LOAD trinamic/tmc_interface.o
START GROUP
LOAD c:/st/stm32cubeide_1.5.0/stm32cubeide/plugins/com.st.stm32cube.ide.mcu.externaltools.gnu-tools-for-stm32.9-2020-q2-update.win32_1.5.0.202011040924/tools/bin/../lib/gcc/arm-none-eabi/9.3.1/../../../../arm-none-eabi/lib/thumb/v7e-m+fp/hard\libc_nano.a
LOAD c:/st/stm32cubeide_1.5.0/stm32cubeide/plugins/com.st.stm32cube.ide.mcu.externaltools.gnu-tools-for-stm32.9-2020-q2-update.win32_1.5.0.202011040924/tools/bin/../lib/gcc/arm-none-eabi/9.3.1/../../../../arm-none-eabi/lib/thumb/v7e-m+fp/hard\libm.a
END GROUP
START GROUP
LOAD c:/st/stm32cubeide_1.5.0/stm32cubeide/plugins/com.st.stm32cube.ide.mcu.externaltools.gnu-tools-for-stm32.9-2020-q2-update.win32_1.5.0.202011040924/tools/bin/../lib/gcc/arm-none-eabi/9.3.1/thumb/v7e-m+fp/hard\libgcc.a
LOAD c:/st/stm32cubeide_1.5.0/stm32cubeide/plugins/com.st.stm32cube.ide.mcu.externaltools.gnu-tools-for-stm32.9-2020-q2-update.win32_1.5.0.202011040924/tools/bin/../lib/gcc/arm-none-eabi/9.3.1/../../../../arm-none-eabi/lib/thumb/v7e-m+fp/hard\libc_nano.a
END GROUP
START GROUP
LOAD c:/st/stm32cubeide_1.5.0/stm32cubeide/plugins/com.st.stm32cube.ide.mcu.externaltools.gnu-tools-for-stm32.9-2020-q2-update.win32_1.5.0.202011040924/tools/bin/../lib/gcc/arm-none-eabi/9.3.1/thumb/v7e-m+fp/hard\libgcc.a
LOAD c:/st/stm32cubeide_1.5.0/stm32cubeide/plugins/com.st.stm32cube.ide.mcu.externaltools.gnu-tools-for-stm32.9-2020-q2-update.win32_1.5.0.202011040924/tools/bin/../lib/gcc/arm-none-eabi/9.3.1/../../../../arm-none-eabi/lib/thumb/v7e-m+fp/hard\libc_nano.a
LOAD c:/st/stm32cubeide_1.5.0/stm32cubeide/plugins/com.st.stm32cube.ide.mcu.externaltools.gnu-tools-for-stm32.9-2020-q2-update.win32_1.5.0.202011040924/tools/bin/../lib/gcc/arm-none-eabi/9.3.1/../../../../arm-none-eabi/lib/thumb/v7e-m+fp/hard\libnosys.a
END GROUP
START GROUP
LOAD c:/st/stm32cubeide_1.5.0/stm32cubeide/plugins/com.st.stm32cube.ide.mcu.externaltools.gnu-tools-for-stm32.9-2020-q2-update.win32_1.5.0.202011040924/tools/bin/../lib/gcc/arm-none-eabi/9.3.1/thumb/v7e-m+fp/hard\libgcc.a
LOAD c:/st/stm32cubeide_1.5.0/stm32cubeide/plugins/com.st.stm32cube.ide.mcu.externaltools.gnu-tools-for-stm32.9-2020-q2-update.win32_1.5.0.202011040924/tools/bin/../lib/gcc/arm-none-eabi/9.3.1/../../../../arm-none-eabi/lib/thumb/v7e-m+fp/hard\libc_nano.a
LOAD c:/st/stm32cubeide_1.5.0/stm32cubeide/plugins/com.st.stm32cube.ide.mcu.externaltools.gnu-tools-for-stm32.9-2020-q2-update.win32_1.5.0.202011040924/tools/bin/../lib/gcc/arm-none-eabi/9.3.1/../../../../arm-none-eabi/lib/thumb/v7e-m+fp/hard\libnosys.a
END GROUP
LOAD c:/st/stm32cubeide_1.5.0/stm32cubeide/plugins/com.st.stm32cube.ide.mcu.externaltools.gnu-tools-for-stm32.9-2020-q2-update.win32_1.5.0.202011040924/tools/bin/../lib/gcc/arm-none-eabi/9.3.1/thumb/v7e-m+fp/hard/crtend.o
LOAD c:/st/stm32cubeide_1.5.0/stm32cubeide/plugins/com.st.stm32cube.ide.mcu.externaltools.gnu-tools-for-stm32.9-2020-q2-update.win32_1.5.0.202011040924/tools/bin/../lib/gcc/arm-none-eabi/9.3.1/thumb/v7e-m+fp/hard/crtn.o
                0x0000000020010000                _estack = (ORIGIN (RAM) + LENGTH (RAM))
                0x0000000000002000                _Min_Heap_Size = 0x2000
                0x0000000000000400                _Min_Stack_Size = 0x400

.isr_vector     0x0000000008000000      0x194
                0x0000000008000000                . = ALIGN (0x4)
 *(.isr_vector)
 .isr_vector    0x0000000008000000      0x194 Startup/startup_stm32f401ccux.o
                0x0000000008000000                g_pfnVectors
                0x0000000008000194                . = ALIGN (0x4)

.text           0x0000000008008000    0x13b20
                0x0000000008008000                . = ALIGN (0x4)
 *(.text)
 .text          0x0000000008008000       0x40 c:/st/stm32cubeide_1.5.0/stm32cubeide/plugins/com.st.stm32cube.ide.mcu.externaltools.gnu-tools-for-stm32.9-2020-q2-update.win32_1.5.0.202011040924/tools/bin/../lib/gcc/arm-none-eabi/9.3.1/thumb/v7e-m+fp/hard/crtbegin.o
 .text          0x0000000008008040       0x14 c:/st/stm32cubeide_1.5.0/stm32cubeide/plugins/com.st.stm32cube.ide.mcu.externaltools.gnu-tools-for-stm32.9-2020-q2-update.win32_1.5.0.202011040924/tools/bin/../lib/gcc/arm-none-eabi/9.3.1/../../../../arm-none-eabi/lib/thumb/v7e-m+fp/hard\libc_nano.a(lib_a-strcmp.o)
                0x0000000008008040                strcmp
 .text          0x0000000008008054       0x10 c:/st/stm32cubeide_1.5.0/stm32cubeide/plugins/com.st.stm32cube.ide.mcu.externaltools.gnu-tools-for-stm32.9-2020-q2-update.win32_1.5.0.202011040924/tools/bin/../lib/gcc/arm-none-eabi/9.3.1/../../../../arm-none-eabi/lib/thumb/v7e-m+fp/hard\libc_nano.a(lib_a-strlen.o)
                0x0000000008008054                strlen
 *fill*         0x0000000008008064        0xc 
 .text          0x0000000008008070       0xa0 c:/st/stm32cubeide_1.5.0/stm32cubeide/plugins/com.st.stm32cube.ide.mcu.externaltools.gnu-tools-for-stm32.9-2020-q2-update.win32_1.5.0.202011040924/tools/bin/../lib/gcc/arm-none-eabi/9.3.1/../../../../arm-none-eabi/lib/thumb/v7e-m+fp/hard\libc_nano.a(lib_a-memchr.o)
                0x0000000008008070                memchr
 .text          0x0000000008008110      0x378 c:/st/stm32cubeide_1.5.0/stm32cubeide/plugins/com.st.stm32cube.ide.mcu.externaltools.gnu-tools-for-stm32.9-2020-q2-update.win32_1.5.0.202011040924/tools/bin/../lib/gcc/arm-none-eabi/9.3.1/thumb/v7e-m+fp/hard\libgcc.a(_arm_addsubdf3.o)
                0x0000000008008110                __aeabi_drsub
                0x0000000008008118                __aeabi_dsub
                0x0000000008008118                __subdf3
                0x000000000800811c                __aeabi_dadd
                0x000000000800811c                __adddf3
                0x0000000008008394                __floatunsidf
                0x0000000008008394                __aeabi_ui2d
                0x00000000080083b4                __floatsidf
                0x00000000080083b4                __aeabi_i2d
                0x00000000080083d8                __aeabi_f2d
                0x00000000080083d8                __extendsfdf2
                0x000000000800841c                __floatundidf
                0x000000000800841c                __aeabi_ul2d
                0x000000000800842c                __floatdidf
                0x000000000800842c                __aeabi_l2d
 .text          0x0000000008008488       0xa0 c:/st/stm32cubeide_1.5.0/stm32cubeide/plugins/com.st.stm32cube.ide.mcu.externaltools.gnu-tools-for-stm32.9-2020-q2-update.win32_1.5.0.202011040924/tools/bin/../lib/gcc/arm-none-eabi/9.3.1/thumb/v7e-m+fp/hard\libgcc.a(_arm_truncdfsf2.o)
                0x0000000008008488                __truncdfsf2
                0x0000000008008488                __aeabi_d2f
 .text          0x0000000008008528       0x30 c:/st/stm32cubeide_1.5.0/stm32cubeide/plugins/com.st.stm32cube.ide.mcu.externaltools.gnu-tools-for-stm32.9-2020-q2-update.win32_1.5.0.202011040924/tools/bin/../lib/gcc/arm-none-eabi/9.3.1/thumb/v7e-m+fp/hard\libgcc.a(_aeabi_uldivmod.o)
                0x0000000008008528                __aeabi_uldivmod
 .text          0x0000000008008558      0x2c4 c:/st/stm32cubeide_1.5.0/stm32cubeide/plugins/com.st.stm32cube.ide.mcu.externaltools.gnu-tools-for-stm32.9-2020-q2-update.win32_1.5.0.202011040924/tools/bin/../lib/gcc/arm-none-eabi/9.3.1/thumb/v7e-m+fp/hard\libgcc.a(_udivmoddi4.o)
                0x0000000008008558                __udivmoddi4
 .text          0x000000000800881c        0x4 c:/st/stm32cubeide_1.5.0/stm32cubeide/plugins/com.st.stm32cube.ide.mcu.externaltools.gnu-tools-for-stm32.9-2020-q2-update.win32_1.5.0.202011040924/tools/bin/../lib/gcc/arm-none-eabi/9.3.1/thumb/v7e-m+fp/hard\libgcc.a(_dvmd_tls.o)
                0x000000000800881c                __aeabi_idiv0
                0x000000000800881c                __aeabi_ldiv0
 *(.text*)
 .text.HAL_InitTick
                0x0000000008008820       0x48 Drivers/STM32F4xx_HAL_Driver/Src/stm32f4xx_hal.o
                0x0000000008008820                HAL_InitTick
 .text.HAL_Init
                0x0000000008008868       0x34 Drivers/STM32F4xx_HAL_Driver/Src/stm32f4xx_hal.o
                0x0000000008008868                HAL_Init
 .text.HAL_GetTick
                0x000000000800889c        0xc Drivers/STM32F4xx_HAL_Driver/Src/stm32f4xx_hal.o
                0x000000000800889c                HAL_GetTick
 .text.HAL_Delay
                0x00000000080088a8       0x28 Drivers/STM32F4xx_HAL_Driver/Src/stm32f4xx_hal.o
                0x00000000080088a8                HAL_Delay
 .text.HAL_NVIC_SetPriorityGrouping
                0x00000000080088d0       0x24 Drivers/STM32F4xx_HAL_Driver/Src/stm32f4xx_hal_cortex.o
                0x00000000080088d0                HAL_NVIC_SetPriorityGrouping
 .text.HAL_NVIC_SetPriority
                0x00000000080088f4       0x64 Drivers/STM32F4xx_HAL_Driver/Src/stm32f4xx_hal_cortex.o
                0x00000000080088f4                HAL_NVIC_SetPriority
 .text.HAL_NVIC_EnableIRQ
                0x0000000008008958       0x1c Drivers/STM32F4xx_HAL_Driver/Src/stm32f4xx_hal_cortex.o
                0x0000000008008958                HAL_NVIC_EnableIRQ
 .text.HAL_NVIC_DisableIRQ
                0x0000000008008974       0x28 Drivers/STM32F4xx_HAL_Driver/Src/stm32f4xx_hal_cortex.o
                0x0000000008008974                HAL_NVIC_DisableIRQ
 .text.HAL_SYSTICK_Config
                0x000000000800899c       0x2c Drivers/STM32F4xx_HAL_Driver/Src/stm32f4xx_hal_cortex.o
                0x000000000800899c                HAL_SYSTICK_Config
 .text.FLASH_Program_DoubleWord
                0x00000000080089c8       0x2c Drivers/STM32F4xx_HAL_Driver/Src/stm32f4xx_hal_flash.o
 .text.FLASH_Program_Word
                0x00000000080089f4       0x24 Drivers/STM32F4xx_HAL_Driver/Src/stm32f4xx_hal_flash.o
 .text.FLASH_Program_HalfWord
                0x0000000008008a18       0x24 Drivers/STM32F4xx_HAL_Driver/Src/stm32f4xx_hal_flash.o
 .text.FLASH_SetErrorCode
                0x0000000008008a3c       0x8c Drivers/STM32F4xx_HAL_Driver/Src/stm32f4xx_hal_flash.o
 .text.HAL_FLASH_Unlock
                0x0000000008008ac8       0x24 Drivers/STM32F4xx_HAL_Driver/Src/stm32f4xx_hal_flash.o
                0x0000000008008ac8                HAL_FLASH_Unlock
 .text.HAL_FLASH_Lock
                0x0000000008008aec       0x14 Drivers/STM32F4xx_HAL_Driver/Src/stm32f4xx_hal_flash.o
                0x0000000008008aec                HAL_FLASH_Lock
 .text.FLASH_WaitForLastOperation
                0x0000000008008b00       0x54 Drivers/STM32F4xx_HAL_Driver/Src/stm32f4xx_hal_flash.o
                0x0000000008008b00                FLASH_WaitForLastOperation
 .text.HAL_FLASH_Program
                0x0000000008008b54       0x8c Drivers/STM32F4xx_HAL_Driver/Src/stm32f4xx_hal_flash.o
                0x0000000008008b54                HAL_FLASH_Program
 .text.FLASH_MassErase.isra.0
                0x0000000008008be0       0x24 Drivers/STM32F4xx_HAL_Driver/Src/stm32f4xx_hal_flash_ex.o
 .text.FLASH_Erase_Sector
                0x0000000008008c04       0x4c Drivers/STM32F4xx_HAL_Driver/Src/stm32f4xx_hal_flash_ex.o
                0x0000000008008c04                FLASH_Erase_Sector
 .text.FLASH_FlushCaches
                0x0000000008008c50       0x58 Drivers/STM32F4xx_HAL_Driver/Src/stm32f4xx_hal_flash_ex.o
                0x0000000008008c50                FLASH_FlushCaches
 .text.HAL_FLASHEx_Erase
                0x0000000008008ca8       0x9c Drivers/STM32F4xx_HAL_Driver/Src/stm32f4xx_hal_flash_ex.o
                0x0000000008008ca8                HAL_FLASHEx_Erase
 .text.HAL_GPIO_Init
                0x0000000008008d44      0x198 Drivers/STM32F4xx_HAL_Driver/Src/stm32f4xx_hal_gpio.o
                0x0000000008008d44                HAL_GPIO_Init
 .text.HAL_PCD_Init
                0x0000000008008edc      0x10a Drivers/STM32F4xx_HAL_Driver/Src/stm32f4xx_hal_pcd.o
                0x0000000008008edc                HAL_PCD_Init
 .text.HAL_PCD_Start
                0x0000000008008fe6       0x3e Drivers/STM32F4xx_HAL_Driver/Src/stm32f4xx_hal_pcd.o
                0x0000000008008fe6                HAL_PCD_Start
 .text.HAL_PCD_IRQHandler
                0x0000000008009024      0x560 Drivers/STM32F4xx_HAL_Driver/Src/stm32f4xx_hal_pcd.o
                0x0000000008009024                HAL_PCD_IRQHandler
 .text.HAL_PCD_SetAddress
                0x0000000008009584       0x28 Drivers/STM32F4xx_HAL_Driver/Src/stm32f4xx_hal_pcd.o
                0x0000000008009584                HAL_PCD_SetAddress
 .text.HAL_PCD_EP_Open
                0x00000000080095ac       0x70 Drivers/STM32F4xx_HAL_Driver/Src/stm32f4xx_hal_pcd.o
                0x00000000080095ac                HAL_PCD_EP_Open
 .text.HAL_PCD_EP_Close
                0x000000000800961c       0x5e Drivers/STM32F4xx_HAL_Driver/Src/stm32f4xx_hal_pcd.o
                0x000000000800961c                HAL_PCD_EP_Close
 .text.HAL_PCD_EP_Receive
                0x000000000800967a       0x48 Drivers/STM32F4xx_HAL_Driver/Src/stm32f4xx_hal_pcd.o
                0x000000000800967a                HAL_PCD_EP_Receive
 .text.HAL_PCD_EP_GetRxCount
                0x00000000080096c2       0x10 Drivers/STM32F4xx_HAL_Driver/Src/stm32f4xx_hal_pcd.o
                0x00000000080096c2                HAL_PCD_EP_GetRxCount
 .text.HAL_PCD_EP_Transmit
                0x00000000080096d2       0x40 Drivers/STM32F4xx_HAL_Driver/Src/stm32f4xx_hal_pcd.o
                0x00000000080096d2                HAL_PCD_EP_Transmit
 .text.HAL_PCD_EP_SetStall
                0x0000000008009712       0x70 Drivers/STM32F4xx_HAL_Driver/Src/stm32f4xx_hal_pcd.o
                0x0000000008009712                HAL_PCD_EP_SetStall
 .text.HAL_PCD_EP_ClrStall
                0x0000000008009782       0x6c Drivers/STM32F4xx_HAL_Driver/Src/stm32f4xx_hal_pcd.o
                0x0000000008009782                HAL_PCD_EP_ClrStall
 .text.HAL_PCDEx_SetTxFiFo
                0x00000000080097ee       0x40 Drivers/STM32F4xx_HAL_Driver/Src/stm32f4xx_hal_pcd_ex.o
                0x00000000080097ee                HAL_PCDEx_SetTxFiFo
 .text.HAL_PCDEx_SetRxFiFo
                0x000000000800982e        0x8 Drivers/STM32F4xx_HAL_Driver/Src/stm32f4xx_hal_pcd_ex.o
                0x000000000800982e                HAL_PCDEx_SetRxFiFo
 .text.HAL_PCDEx_LPM_Callback
                0x0000000008009836        0x2 Drivers/STM32F4xx_HAL_Driver/Src/stm32f4xx_hal_pcd_ex.o
                0x0000000008009836                HAL_PCDEx_LPM_Callback
 .text.HAL_RCC_OscConfig
                0x0000000008009838      0x350 Drivers/STM32F4xx_HAL_Driver/Src/stm32f4xx_hal_rcc.o
                0x0000000008009838                HAL_RCC_OscConfig
 .text.HAL_RCC_GetSysClockFreq
                0x0000000008009b88       0x5c Drivers/STM32F4xx_HAL_Driver/Src/stm32f4xx_hal_rcc.o
                0x0000000008009b88                HAL_RCC_GetSysClockFreq
 .text.HAL_RCC_ClockConfig
                0x0000000008009be4      0x138 Drivers/STM32F4xx_HAL_Driver/Src/stm32f4xx_hal_rcc.o
                0x0000000008009be4                HAL_RCC_ClockConfig
 .text.HAL_RCC_GetHCLKFreq
                0x0000000008009d1c        0xc Drivers/STM32F4xx_HAL_Driver/Src/stm32f4xx_hal_rcc.o
                0x0000000008009d1c                HAL_RCC_GetHCLKFreq
 .text.HAL_RCC_GetPCLK2Freq
                0x0000000008009d28       0x20 Drivers/STM32F4xx_HAL_Driver/Src/stm32f4xx_hal_rcc.o
                0x0000000008009d28                HAL_RCC_GetPCLK2Freq
 .text.TIM_Base_SetConfig
                0x0000000008009d48       0x9c Drivers/STM32F4xx_HAL_Driver/Src/stm32f4xx_hal_tim.o
                0x0000000008009d48                TIM_Base_SetConfig
 .text.USB_CoreReset
                0x0000000008009de4       0x30 Drivers/STM32F4xx_HAL_Driver/Src/stm32f4xx_ll_usb.o
 .text.USB_CoreInit
                0x0000000008009e14       0x80 Drivers/STM32F4xx_HAL_Driver/Src/stm32f4xx_ll_usb.o
                0x0000000008009e14                USB_CoreInit
 .text.USB_SetTurnaroundTime
                0x0000000008009e94       0xe0 Drivers/STM32F4xx_HAL_Driver/Src/stm32f4xx_ll_usb.o
                0x0000000008009e94                USB_SetTurnaroundTime
 .text.USB_EnableGlobalInt
                0x0000000008009f74        0xc Drivers/STM32F4xx_HAL_Driver/Src/stm32f4xx_ll_usb.o
                0x0000000008009f74                USB_EnableGlobalInt
 .text.USB_DisableGlobalInt
                0x0000000008009f80        0xc Drivers/STM32F4xx_HAL_Driver/Src/stm32f4xx_ll_usb.o
                0x0000000008009f80                USB_DisableGlobalInt
 .text.USB_SetCurrentMode
                0x0000000008009f8c       0x2e Drivers/STM32F4xx_HAL_Driver/Src/stm32f4xx_ll_usb.o
                0x0000000008009f8c                USB_SetCurrentMode
 *fill*         0x0000000008009fba        0x2 
 .text.USB_FlushTxFifo
                0x0000000008009fbc       0x24 Drivers/STM32F4xx_HAL_Driver/Src/stm32f4xx_ll_usb.o
                0x0000000008009fbc                USB_FlushTxFifo
 .text.USB_FlushRxFifo
                0x0000000008009fe0       0x20 Drivers/STM32F4xx_HAL_Driver/Src/stm32f4xx_ll_usb.o
                0x0000000008009fe0                USB_FlushRxFifo
 .text.USB_SetDevSpeed
                0x000000000800a000        0xe Drivers/STM32F4xx_HAL_Driver/Src/stm32f4xx_ll_usb.o
                0x000000000800a000                USB_SetDevSpeed
 *fill*         0x000000000800a00e        0x2 
 .text.USB_DevInit
                0x000000000800a010      0x170 Drivers/STM32F4xx_HAL_Driver/Src/stm32f4xx_ll_usb.o
                0x000000000800a010                USB_DevInit
 .text.USB_GetDevSpeed
                0x000000000800a180       0x16 Drivers/STM32F4xx_HAL_Driver/Src/stm32f4xx_ll_usb.o
                0x000000000800a180                USB_GetDevSpeed
 .text.USB_ActivateEndpoint
                0x000000000800a196       0x7c Drivers/STM32F4xx_HAL_Driver/Src/stm32f4xx_ll_usb.o
                0x000000000800a196                USB_ActivateEndpoint
 *fill*         0x000000000800a212        0x2 
 .text.USB_DeactivateEndpoint
                0x000000000800a214       0xac Drivers/STM32F4xx_HAL_Driver/Src/stm32f4xx_ll_usb.o
                0x000000000800a214                USB_DeactivateEndpoint
 .text.USB_EP0StartXfer
                0x000000000800a2c0       0xf4 Drivers/STM32F4xx_HAL_Driver/Src/stm32f4xx_ll_usb.o
                0x000000000800a2c0                USB_EP0StartXfer
 .text.USB_WritePacket
                0x000000000800a3b4       0x26 Drivers/STM32F4xx_HAL_Driver/Src/stm32f4xx_ll_usb.o
                0x000000000800a3b4                USB_WritePacket
 *fill*         0x000000000800a3da        0x2 
 .text.USB_EPStartXfer
                0x000000000800a3dc      0x1dc Drivers/STM32F4xx_HAL_Driver/Src/stm32f4xx_ll_usb.o
                0x000000000800a3dc                USB_EPStartXfer
 .text.USB_ReadPacket
                0x000000000800a5b8       0x1c Drivers/STM32F4xx_HAL_Driver/Src/stm32f4xx_ll_usb.o
                0x000000000800a5b8                USB_ReadPacket
 .text.USB_EPSetStall
                0x000000000800a5d4       0x56 Drivers/STM32F4xx_HAL_Driver/Src/stm32f4xx_ll_usb.o
                0x000000000800a5d4                USB_EPSetStall
 .text.USB_EPClearStall
                0x000000000800a62a       0x52 Drivers/STM32F4xx_HAL_Driver/Src/stm32f4xx_ll_usb.o
                0x000000000800a62a                USB_EPClearStall
 .text.USB_SetDevAddress
                0x000000000800a67c       0x20 Drivers/STM32F4xx_HAL_Driver/Src/stm32f4xx_ll_usb.o
                0x000000000800a67c                USB_SetDevAddress
 .text.USB_DevConnect
                0x000000000800a69c       0x18 Drivers/STM32F4xx_HAL_Driver/Src/stm32f4xx_ll_usb.o
                0x000000000800a69c                USB_DevConnect
 .text.USB_DevDisconnect
                0x000000000800a6b4       0x18 Drivers/STM32F4xx_HAL_Driver/Src/stm32f4xx_ll_usb.o
                0x000000000800a6b4                USB_DevDisconnect
 .text.USB_ReadInterrupts
                0x000000000800a6cc        0x8 Drivers/STM32F4xx_HAL_Driver/Src/stm32f4xx_ll_usb.o
                0x000000000800a6cc                USB_ReadInterrupts
 .text.USB_ReadDevAllOutEpInterrupt
                0x000000000800a6d4       0x10 Drivers/STM32F4xx_HAL_Driver/Src/stm32f4xx_ll_usb.o
                0x000000000800a6d4                USB_ReadDevAllOutEpInterrupt
 .text.USB_ReadDevAllInEpInterrupt
                0x000000000800a6e4       0x10 Drivers/STM32F4xx_HAL_Driver/Src/stm32f4xx_ll_usb.o
                0x000000000800a6e4                USB_ReadDevAllInEpInterrupt
 .text.USB_ReadDevOutEPInterrupt
                0x000000000800a6f4       0x12 Drivers/STM32F4xx_HAL_Driver/Src/stm32f4xx_ll_usb.o
                0x000000000800a6f4                USB_ReadDevOutEPInterrupt
 .text.USB_ReadDevInEPInterrupt
                0x000000000800a706       0x24 Drivers/STM32F4xx_HAL_Driver/Src/stm32f4xx_ll_usb.o
                0x000000000800a706                USB_ReadDevInEPInterrupt
 .text.USB_GetMode
                0x000000000800a72a        0x8 Drivers/STM32F4xx_HAL_Driver/Src/stm32f4xx_ll_usb.o
                0x000000000800a72a                USB_GetMode
 .text.USB_ActivateSetup
                0x000000000800a732       0x20 Drivers/STM32F4xx_HAL_Driver/Src/stm32f4xx_ll_usb.o
                0x000000000800a732                USB_ActivateSetup
 *fill*         0x000000000800a752        0x2 
 .text.USB_EP0_OutStart
                0x000000000800a754       0x4c Drivers/STM32F4xx_HAL_Driver/Src/stm32f4xx_ll_usb.o
                0x000000000800a754                USB_EP0_OutStart
 .text.USBD_CDC_EP0_RxReady
                0x000000000800a7a0       0x28 Middlewares/ST/STM32_USB_Device_Library/Class/CDC/Src/usbd_cdc.o
 .text.USBD_CDC_GetFSCfgDesc
                0x000000000800a7c8        0xc Middlewares/ST/STM32_USB_Device_Library/Class/CDC/Src/usbd_cdc.o
 .text.USBD_CDC_GetHSCfgDesc
                0x000000000800a7d4        0xc Middlewares/ST/STM32_USB_Device_Library/Class/CDC/Src/usbd_cdc.o
 .text.USBD_CDC_GetOtherSpeedCfgDesc
                0x000000000800a7e0        0xc Middlewares/ST/STM32_USB_Device_Library/Class/CDC/Src/usbd_cdc.o
 .text.USBD_CDC_GetDeviceQualifierDescriptor
                0x000000000800a7ec        0xc Middlewares/ST/STM32_USB_Device_Library/Class/CDC/Src/usbd_cdc.o
                0x000000000800a7ec                USBD_CDC_GetDeviceQualifierDescriptor
 .text.USBD_CDC_DataOut
                0x000000000800a7f8       0x2a Middlewares/ST/STM32_USB_Device_Library/Class/CDC/Src/usbd_cdc.o
 .text.USBD_CDC_DataIn
                0x000000000800a822       0x5a Middlewares/ST/STM32_USB_Device_Library/Class/CDC/Src/usbd_cdc.o
 .text.USBD_CDC_Setup
                0x000000000800a87c       0xf0 Middlewares/ST/STM32_USB_Device_Library/Class/CDC/Src/usbd_cdc.o
 .text.USBD_CDC_DeInit
                0x000000000800a96c       0x42 Middlewares/ST/STM32_USB_Device_Library/Class/CDC/Src/usbd_cdc.o
 .text.USBD_CDC_Init
                0x000000000800a9ae       0xb0 Middlewares/ST/STM32_USB_Device_Library/Class/CDC/Src/usbd_cdc.o
 .text.USBD_CDC_RegisterInterface
                0x000000000800aa5e        0xe Middlewares/ST/STM32_USB_Device_Library/Class/CDC/Src/usbd_cdc.o
                0x000000000800aa5e                USBD_CDC_RegisterInterface
 .text.USBD_CDC_SetTxBuffer
                0x000000000800aa6c       0x10 Middlewares/ST/STM32_USB_Device_Library/Class/CDC/Src/usbd_cdc.o
                0x000000000800aa6c                USBD_CDC_SetTxBuffer
 .text.USBD_CDC_SetRxBuffer
                0x000000000800aa7c        0xc Middlewares/ST/STM32_USB_Device_Library/Class/CDC/Src/usbd_cdc.o
                0x000000000800aa7c                USBD_CDC_SetRxBuffer
 .text.USBD_CDC_TransmitPacket
                0x000000000800aa88       0x30 Middlewares/ST/STM32_USB_Device_Library/Class/CDC/Src/usbd_cdc.o
                0x000000000800aa88                USBD_CDC_TransmitPacket
 .text.USBD_CDC_ReceivePacket
                0x000000000800aab8       0x2e Middlewares/ST/STM32_USB_Device_Library/Class/CDC/Src/usbd_cdc.o
                0x000000000800aab8                USBD_CDC_ReceivePacket
 .text.USBD_Init
                0x000000000800aae6       0x30 Middlewares/ST/STM32_USB_Device_Library/Core/Src/usbd_core.o
                0x000000000800aae6                USBD_Init
 .text.USBD_RegisterClass
                0x000000000800ab16       0x26 Middlewares/ST/STM32_USB_Device_Library/Core/Src/usbd_core.o
                0x000000000800ab16                USBD_RegisterClass
 .text.USBD_Start
                0x000000000800ab3c        0x4 Middlewares/ST/STM32_USB_Device_Library/Core/Src/usbd_core.o
                0x000000000800ab3c                USBD_Start
 .text.USBD_SetClassConfig
                0x000000000800ab40        0xe Middlewares/ST/STM32_USB_Device_Library/Core/Src/usbd_core.o
                0x000000000800ab40                USBD_SetClassConfig
 .text.USBD_ClrClassConfig
                0x000000000800ab4e       0x10 Middlewares/ST/STM32_USB_Device_Library/Core/Src/usbd_core.o
                0x000000000800ab4e                USBD_ClrClassConfig
 .text.USBD_LL_SetupStage
                0x000000000800ab5e       0x60 Middlewares/ST/STM32_USB_Device_Library/Core/Src/usbd_core.o
                0x000000000800ab5e                USBD_LL_SetupStage
 .text.USBD_LL_DataOutStage
                0x000000000800abbe       0x64 Middlewares/ST/STM32_USB_Device_Library/Core/Src/usbd_core.o
                0x000000000800abbe                USBD_LL_DataOutStage
 .text.USBD_LL_DataInStage
                0x000000000800ac22       0x9c Middlewares/ST/STM32_USB_Device_Library/Core/Src/usbd_core.o
                0x000000000800ac22                USBD_LL_DataInStage
 .text.USBD_LL_Reset
                0x000000000800acbe       0x50 Middlewares/ST/STM32_USB_Device_Library/Core/Src/usbd_core.o
                0x000000000800acbe                USBD_LL_Reset
 .text.USBD_LL_SetSpeed
                0x000000000800ad0e        0x6 Middlewares/ST/STM32_USB_Device_Library/Core/Src/usbd_core.o
                0x000000000800ad0e                USBD_LL_SetSpeed
 .text.USBD_LL_Suspend
                0x000000000800ad14       0x12 Middlewares/ST/STM32_USB_Device_Library/Core/Src/usbd_core.o
                0x000000000800ad14                USBD_LL_Suspend
 .text.USBD_LL_Resume
                0x000000000800ad26       0x14 Middlewares/ST/STM32_USB_Device_Library/Core/Src/usbd_core.o
                0x000000000800ad26                USBD_LL_Resume
 .text.USBD_LL_SOF
                0x000000000800ad3a       0x18 Middlewares/ST/STM32_USB_Device_Library/Core/Src/usbd_core.o
                0x000000000800ad3a                USBD_LL_SOF
 .text.USBD_LL_IsoINIncomplete
                0x000000000800ad52        0x4 Middlewares/ST/STM32_USB_Device_Library/Core/Src/usbd_core.o
                0x000000000800ad52                USBD_LL_IsoINIncomplete
 .text.USBD_LL_IsoOUTIncomplete
                0x000000000800ad56        0x4 Middlewares/ST/STM32_USB_Device_Library/Core/Src/usbd_core.o
                0x000000000800ad56                USBD_LL_IsoOUTIncomplete
 .text.USBD_LL_DevConnected
                0x000000000800ad5a        0x4 Middlewares/ST/STM32_USB_Device_Library/Core/Src/usbd_core.o
                0x000000000800ad5a                USBD_LL_DevConnected
 .text.USBD_LL_DevDisconnected
                0x000000000800ad5e       0x18 Middlewares/ST/STM32_USB_Device_Library/Core/Src/usbd_core.o
                0x000000000800ad5e                USBD_LL_DevDisconnected
 .text.USBD_CtlError.constprop.0
                0x000000000800ad76       0x16 Middlewares/ST/STM32_USB_Device_Library/Core/Src/usbd_ctlreq.o
 .text.USBD_StdDevReq
                0x000000000800ad8c      0x280 Middlewares/ST/STM32_USB_Device_Library/Core/Src/usbd_ctlreq.o
                0x000000000800ad8c                USBD_StdDevReq
 .text.USBD_StdItfReq
                0x000000000800b00c       0x4c Middlewares/ST/STM32_USB_Device_Library/Core/Src/usbd_ctlreq.o
                0x000000000800b00c                USBD_StdItfReq
 .text.USBD_StdEPReq
                0x000000000800b058      0x126 Middlewares/ST/STM32_USB_Device_Library/Core/Src/usbd_ctlreq.o
                0x000000000800b058                USBD_StdEPReq
 .text.USBD_ParseSetupRequest
                0x000000000800b17e       0x28 Middlewares/ST/STM32_USB_Device_Library/Core/Src/usbd_ctlreq.o
                0x000000000800b17e                USBD_ParseSetupRequest
 .text.USBD_CtlError
                0x000000000800b1a6       0x16 Middlewares/ST/STM32_USB_Device_Library/Core/Src/usbd_ctlreq.o
                0x000000000800b1a6                USBD_CtlError
 .text.USBD_GetString
                0x000000000800b1bc       0x38 Middlewares/ST/STM32_USB_Device_Library/Core/Src/usbd_ctlreq.o
                0x000000000800b1bc                USBD_GetString
 .text.USBD_CtlSendData
                0x000000000800b1f4       0x1a Middlewares/ST/STM32_USB_Device_Library/Core/Src/usbd_ioreq.o
                0x000000000800b1f4                USBD_CtlSendData
 .text.USBD_CtlContinueSendData
                0x000000000800b20e       0x10 Middlewares/ST/STM32_USB_Device_Library/Core/Src/usbd_ioreq.o
                0x000000000800b20e                USBD_CtlContinueSendData
 .text.USBD_CtlPrepareRx
                0x000000000800b21e       0x1a Middlewares/ST/STM32_USB_Device_Library/Core/Src/usbd_ioreq.o
                0x000000000800b21e                USBD_CtlPrepareRx
 .text.USBD_CtlContinueRx
                0x000000000800b238       0x10 Middlewares/ST/STM32_USB_Device_Library/Core/Src/usbd_ioreq.o
                0x000000000800b238                USBD_CtlContinueRx
 .text.USBD_CtlSendStatus
                0x000000000800b248       0x16 Middlewares/ST/STM32_USB_Device_Library/Core/Src/usbd_ioreq.o
                0x000000000800b248                USBD_CtlSendStatus
 .text.USBD_CtlReceiveStatus
                0x000000000800b25e       0x16 Middlewares/ST/STM32_USB_Device_Library/Core/Src/usbd_ioreq.o
                0x000000000800b25e                USBD_CtlReceiveStatus
 .text.__enable_irq
                0x000000000800b274        0x4 Src/driver.o
 .text.__disable_irq
                0x000000000800b278        0x4 Src/driver.o
 .text.stepperEnable
                0x000000000800b27c       0x1c Src/driver.o
 .text.stepperWakeUp
                0x000000000800b298       0x24 Src/driver.o
 .text.stepperGoIdle
                0x000000000800b2bc       0x14 Src/driver.o
 .text.stepperCyclesPerTick
                0x000000000800b2d0       0x18 Src/driver.o
 .text.stepperPulseStart
                0x000000000800b2e8       0x50 Src/driver.o
 .text.limitsGetState
                0x000000000800b338       0x4c Src/driver.o
 .text.systemGetState
                0x000000000800b384       0x28 Src/driver.o
 .text.probeConfigure
                0x000000000800b3ac       0x34 Src/driver.o
 .text.probeGetState
                0x000000000800b3e0       0x2c Src/driver.o
                0x000000000800b3e0                probeGetState
 .text.spindleGetState
                0x000000000800b40c       0x3c Src/driver.o
 .text.coolantSetState
                0x000000000800b448       0x24 Src/driver.o
 .text.coolantGetState
                0x000000000800b46c       0x2c Src/driver.o
 .text.bitsSetAtomic
                0x000000000800b498        0xc Src/driver.o
 .text.bitsClearAtomic
                0x000000000800b4a4       0x12 Src/driver.o
 .text.valueSetAtomic
                0x000000000800b4b6        0xc Src/driver.o
 *fill*         0x000000000800b4c2        0x2 
 .text.getElapsedTicks
                0x000000000800b4c4        0xc Src/driver.o
 .text.spindleGetPWM
                0x000000000800b4d0        0xc Src/driver.o
 .text.driver_delay
                0x000000000800b4dc       0x34 Src/driver.o
 .text.stepperPulseStartDelayed
                0x000000000800b510       0x6c Src/driver.o
 .text.limitsEnable
                0x000000000800b57c       0x30 Src/driver.o
 .text.spindle_set_speed
                0x000000000800b5ac       0x78 Src/driver.o
 .text.settings_changed
                0x000000000800b624      0x43c Src/driver.o
                0x000000000800b624                settings_changed
 .text.driver_setup
                0x000000000800ba60      0x240 Src/driver.o
 .text.spindleSetStateVariable
                0x000000000800bca0       0x68 Src/driver.o
 .text.spindleSetState
                0x000000000800bd08       0x4c Src/driver.o
 .text.driver_init
                0x000000000800bd54      0x188 Src/driver.o
                0x000000000800bd54                driver_init
 .text.TIM5_IRQHandler
                0x000000000800bedc       0x20 Src/driver.o
                0x000000000800bedc                TIM5_IRQHandler
 .text.TIM4_IRQHandler
                0x000000000800befc       0x68 Src/driver.o
                0x000000000800befc                TIM4_IRQHandler
 .text.TIM1_BRK_TIM9_IRQHandler
                0x000000000800bf64       0x64 Src/driver.o
                0x000000000800bf64                TIM1_BRK_TIM9_IRQHandler
 .text.EXTI9_5_IRQHandler
                0x000000000800bfc8       0x60 Src/driver.o
                0x000000000800bfc8                EXTI9_5_IRQHandler
 .text.EXTI15_10_IRQHandler
                0x000000000800c028       0x5c Src/driver.o
                0x000000000800c028                EXTI15_10_IRQHandler
 .text.HAL_IncTick
                0x000000000800c084       0x34 Src/driver.o
                0x000000000800c084                HAL_IncTick
 .text.memcpy_from_flash
                0x000000000800c0b8       0x1c Src/flash.o
                0x000000000800c0b8                memcpy_from_flash
 .text.memcpy_to_flash
                0x000000000800c0d4       0x80 Src/flash.o
                0x000000000800c0d4                memcpy_to_flash
 .text.SystemClock_Config
                0x000000000800c154       0x9c Src/main.o
                0x000000000800c154                SystemClock_Config
 .text.startup.main
                0x000000000800c1f0       0x84 Src/main.o
                0x000000000800c1f0                main
 .text.Error_Handler
                0x000000000800c274        0x2 Src/main.o
                0x000000000800c274                Error_Handler
 *fill*         0x000000000800c276        0x2 
 .text.serialGetC
                0x000000000800c278       0x28 Src/serial.o
                0x000000000800c278                serialGetC
 .text.USART1_IRQHandler
                0x000000000800c2a0       0xbc Src/serial.o
                0x000000000800c2a0                USART1_IRQHandler
 .text.HAL_MspInit
                0x000000000800c35c       0x3c Src/stm32f4xx_hal_msp.o
                0x000000000800c35c                HAL_MspInit
 .text.NMI_Handler
                0x000000000800c398        0x2 Src/stm32f4xx_it.o
                0x000000000800c398                NMI_Handler
 .text.HardFault_Handler
                0x000000000800c39a        0x2 Src/stm32f4xx_it.o
                0x000000000800c39a                HardFault_Handler
 .text.MemManage_Handler
                0x000000000800c39c        0x2 Src/stm32f4xx_it.o
                0x000000000800c39c                MemManage_Handler
 .text.BusFault_Handler
                0x000000000800c39e        0x2 Src/stm32f4xx_it.o
                0x000000000800c39e                BusFault_Handler
 .text.UsageFault_Handler
                0x000000000800c3a0        0x2 Src/stm32f4xx_it.o
                0x000000000800c3a0                UsageFault_Handler
 .text.SVC_Handler
                0x000000000800c3a2        0x2 Src/stm32f4xx_it.o
                0x000000000800c3a2                SVC_Handler
 .text.DebugMon_Handler
                0x000000000800c3a4        0x2 Src/stm32f4xx_it.o
                0x000000000800c3a4                DebugMon_Handler
 .text.PendSV_Handler
                0x000000000800c3a6        0x2 Src/stm32f4xx_it.o
                0x000000000800c3a6                PendSV_Handler
 .text.SysTick_Handler
                0x000000000800c3a8        0x4 Src/stm32f4xx_it.o
                0x000000000800c3a8                SysTick_Handler
 .text.OTG_FS_IRQHandler
                0x000000000800c3ac        0xc Src/stm32f4xx_it.o
                0x000000000800c3ac                OTG_FS_IRQHandler
 .text._getpid  0x000000000800c3b8        0x4 Src/syscalls.o
                0x000000000800c3b8                _getpid
 .text._kill    0x000000000800c3bc       0x10 Src/syscalls.o
                0x000000000800c3bc                _kill
 .text._exit    0x000000000800c3cc        0xc Src/syscalls.o
                0x000000000800c3cc                _exit
 .text._read    0x000000000800c3d8       0x1a Src/syscalls.o
                0x000000000800c3d8                _read
 .text._write   0x000000000800c3f2       0x1a Src/syscalls.o
                0x000000000800c3f2                _write
 .text._close   0x000000000800c40c        0x6 Src/syscalls.o
                0x000000000800c40c                _close
 .text._fstat   0x000000000800c412        0xa Src/syscalls.o
                0x000000000800c412                _fstat
 .text._isatty  0x000000000800c41c        0x4 Src/syscalls.o
                0x000000000800c41c                _isatty
 .text._lseek   0x000000000800c420        0x4 Src/syscalls.o
                0x000000000800c420                _lseek
 .text._sbrk    0x000000000800c424       0x34 Src/sysmem.o
                0x000000000800c424                _sbrk
 .text.SystemInit
                0x000000000800c458       0x1c Src/system_stm32f4xx.o
                0x000000000800c458                SystemInit
 .text.MX_USB_DEVICE_Init
                0x000000000800c474       0x50 Src/usb_device.o
                0x000000000800c474                MX_USB_DEVICE_Init
 .text.usbGetC  0x000000000800c4c4       0x28 Src/usb_serial.o
                0x000000000800c4c4                usbGetC
 .text.usbGetNull
                0x000000000800c4ec        0x6 Src/usb_serial.o
 *fill*         0x000000000800c4f2        0x2 
 .text.usb_write
                0x000000000800c4f4       0x88 Src/usb_serial.o
 .text.usbInit  0x000000000800c57c       0x1c Src/usb_serial.o
                0x000000000800c57c                usbInit
 .text.usbRxFree
                0x000000000800c598       0x1c Src/usb_serial.o
                0x000000000800c598                usbRxFree
 .text.usbRxFlush
                0x000000000800c5b4       0x10 Src/usb_serial.o
                0x000000000800c5b4                usbRxFlush
 .text.usbRxCancel
                0x000000000800c5c4       0x20 Src/usb_serial.o
                0x000000000800c5c4                usbRxCancel
 .text.usbWriteS
                0x000000000800c5e4       0x4c Src/usb_serial.o
                0x000000000800c5e4                usbWriteS
 .text.usbSuspendInput
                0x000000000800c630       0x40 Src/usb_serial.o
                0x000000000800c630                usbSuspendInput
 .text.usbBufferInput
                0x000000000800c670       0x78 Src/usb_serial.o
                0x000000000800c670                usbBufferInput
 .text.CDC_DeInit_FS
                0x000000000800c6e8        0x4 Src/usbd_cdc_if.o
 .text.CDC_Control_FS
                0x000000000800c6ec        0x4 Src/usbd_cdc_if.o
 .text.CDC_TransmitCplt_FS
                0x000000000800c6f0        0x4 Src/usbd_cdc_if.o
 .text.CDC_Receive_FS
                0x000000000800c6f4       0x24 Src/usbd_cdc_if.o
 .text.CDC_Init_FS
                0x000000000800c718       0x28 Src/usbd_cdc_if.o
 .text.CDC_Transmit_FS
                0x000000000800c740       0x2c Src/usbd_cdc_if.o
                0x000000000800c740                CDC_Transmit_FS
 .text.HAL_PCD_MspInit
                0x000000000800c76c       0x84 Src/usbd_conf.o
                0x000000000800c76c                HAL_PCD_MspInit
 .text.HAL_PCD_SetupStageCallback
                0x000000000800c7f0        0xc Src/usbd_conf.o
                0x000000000800c7f0                HAL_PCD_SetupStageCallback
 .text.HAL_PCD_DataOutStageCallback
                0x000000000800c7fc       0x12 Src/usbd_conf.o
                0x000000000800c7fc                HAL_PCD_DataOutStageCallback
 .text.HAL_PCD_DataInStageCallback
                0x000000000800c80e       0x10 Src/usbd_conf.o
                0x000000000800c80e                HAL_PCD_DataInStageCallback
 .text.HAL_PCD_SOFCallback
                0x000000000800c81e        0x8 Src/usbd_conf.o
                0x000000000800c81e                HAL_PCD_SOFCallback
 .text.HAL_PCD_ResetCallback
                0x000000000800c826       0x24 Src/usbd_conf.o
                0x000000000800c826                HAL_PCD_ResetCallback
 *fill*         0x000000000800c84a        0x2 
 .text.HAL_PCD_SuspendCallback
                0x000000000800c84c       0x30 Src/usbd_conf.o
                0x000000000800c84c                HAL_PCD_SuspendCallback
 .text.HAL_PCD_ResumeCallback
                0x000000000800c87c        0x8 Src/usbd_conf.o
                0x000000000800c87c                HAL_PCD_ResumeCallback
 .text.HAL_PCD_ISOOUTIncompleteCallback
                0x000000000800c884        0x8 Src/usbd_conf.o
                0x000000000800c884                HAL_PCD_ISOOUTIncompleteCallback
 .text.HAL_PCD_ISOINIncompleteCallback
                0x000000000800c88c        0x8 Src/usbd_conf.o
                0x000000000800c88c                HAL_PCD_ISOINIncompleteCallback
 .text.HAL_PCD_ConnectCallback
                0x000000000800c894        0x8 Src/usbd_conf.o
                0x000000000800c894                HAL_PCD_ConnectCallback
 .text.HAL_PCD_DisconnectCallback
                0x000000000800c89c        0x8 Src/usbd_conf.o
                0x000000000800c89c                HAL_PCD_DisconnectCallback
 .text.USBD_LL_Init
                0x000000000800c8a4       0x5c Src/usbd_conf.o
                0x000000000800c8a4                USBD_LL_Init
 .text.USBD_LL_Start
                0x000000000800c900       0x1c Src/usbd_conf.o
                0x000000000800c900                USBD_LL_Start
 .text.USBD_LL_OpenEP
                0x000000000800c91c       0x20 Src/usbd_conf.o
                0x000000000800c91c                USBD_LL_OpenEP
 .text.USBD_LL_CloseEP
                0x000000000800c93c       0x1c Src/usbd_conf.o
                0x000000000800c93c                USBD_LL_CloseEP
 .text.USBD_LL_StallEP
                0x000000000800c958       0x1c Src/usbd_conf.o
                0x000000000800c958                USBD_LL_StallEP
 .text.USBD_LL_ClearStallEP
                0x000000000800c974       0x1c Src/usbd_conf.o
                0x000000000800c974                USBD_LL_ClearStallEP
 .text.USBD_LL_IsStallEP
                0x000000000800c990       0x26 Src/usbd_conf.o
                0x000000000800c990                USBD_LL_IsStallEP
 *fill*         0x000000000800c9b6        0x2 
 .text.USBD_LL_SetUSBAddress
                0x000000000800c9b8       0x1c Src/usbd_conf.o
                0x000000000800c9b8                USBD_LL_SetUSBAddress
 .text.USBD_LL_Transmit
                0x000000000800c9d4       0x1c Src/usbd_conf.o
                0x000000000800c9d4                USBD_LL_Transmit
 .text.USBD_LL_PrepareReceive
                0x000000000800c9f0       0x1c Src/usbd_conf.o
                0x000000000800c9f0                USBD_LL_PrepareReceive
 .text.USBD_LL_GetRxDataSize
                0x000000000800ca0c        0x8 Src/usbd_conf.o
                0x000000000800ca0c                USBD_LL_GetRxDataSize
 .text.USBD_FS_DeviceDescriptor
                0x000000000800ca14        0xc Src/usbd_desc.o
                0x000000000800ca14                USBD_FS_DeviceDescriptor
 .text.USBD_FS_LangIDStrDescriptor
                0x000000000800ca20        0xc Src/usbd_desc.o
                0x000000000800ca20                USBD_FS_LangIDStrDescriptor
 .text.IntToUnicode
                0x000000000800ca2c       0x2a Src/usbd_desc.o
 *fill*         0x000000000800ca56        0x2 
 .text.USBD_FS_SerialStrDescriptor
                0x000000000800ca58       0x40 Src/usbd_desc.o
                0x000000000800ca58                USBD_FS_SerialStrDescriptor
 .text.USBD_FS_ManufacturerStrDescriptor
                0x000000000800ca98       0x1c Src/usbd_desc.o
                0x000000000800ca98                USBD_FS_ManufacturerStrDescriptor
 .text.USBD_FS_ProductStrDescriptor
                0x000000000800cab4       0x1c Src/usbd_desc.o
                0x000000000800cab4                USBD_FS_ProductStrDescriptor
 .text.USBD_FS_ConfigStrDescriptor
                0x000000000800cad0       0x1c Src/usbd_desc.o
                0x000000000800cad0                USBD_FS_ConfigStrDescriptor
 .text.USBD_FS_InterfaceStrDescriptor
                0x000000000800caec       0x1c Src/usbd_desc.o
                0x000000000800caec                USBD_FS_InterfaceStrDescriptor
 .text.Reset_Handler
                0x000000000800cb08       0x50 Startup/startup_stm32f401ccux.o
                0x000000000800cb08                Reset_Handler
 .text.Default_Handler
                0x000000000800cb58        0x2 Startup/startup_stm32f401ccux.o
                0x000000000800cb58                RTC_Alarm_IRQHandler
                0x000000000800cb58                EXTI2_IRQHandler
                0x000000000800cb58                SPI4_IRQHandler
                0x000000000800cb58                TIM1_CC_IRQHandler
                0x000000000800cb58                DMA2_Stream5_IRQHandler
                0x000000000800cb58                DMA1_Stream5_IRQHandler
                0x000000000800cb58                PVD_IRQHandler
                0x000000000800cb58                SDIO_IRQHandler
                0x000000000800cb58                TAMP_STAMP_IRQHandler
                0x000000000800cb58                EXTI3_IRQHandler
                0x000000000800cb58                TIM1_UP_TIM10_IRQHandler
                0x000000000800cb58                I2C3_ER_IRQHandler
                0x000000000800cb58                EXTI0_IRQHandler
                0x000000000800cb58                I2C2_EV_IRQHandler
                0x000000000800cb58                DMA1_Stream2_IRQHandler
                0x000000000800cb58                FPU_IRQHandler
                0x000000000800cb58                DMA2_Stream2_IRQHandler
                0x000000000800cb58                SPI1_IRQHandler
                0x000000000800cb58                DMA2_Stream3_IRQHandler
                0x000000000800cb58                USART6_IRQHandler
                0x000000000800cb58                DMA2_Stream0_IRQHandler
                0x000000000800cb58                I2C1_EV_IRQHandler
                0x000000000800cb58                DMA1_Stream6_IRQHandler
                0x000000000800cb58                DMA1_Stream1_IRQHandler
                0x000000000800cb58                TIM3_IRQHandler
                0x000000000800cb58                RCC_IRQHandler
                0x000000000800cb58                Default_Handler
                0x000000000800cb58                ADC_IRQHandler
                0x000000000800cb58                DMA1_Stream7_IRQHandler
                0x000000000800cb58                DMA2_Stream7_IRQHandler
                0x000000000800cb58                I2C3_EV_IRQHandler
                0x000000000800cb58                RTC_WKUP_IRQHandler
                0x000000000800cb58                SPI2_IRQHandler
                0x000000000800cb58                DMA1_Stream0_IRQHandler
                0x000000000800cb58                EXTI4_IRQHandler
                0x000000000800cb58                WWDG_IRQHandler
                0x000000000800cb58                TIM2_IRQHandler
                0x000000000800cb58                OTG_FS_WKUP_IRQHandler
                0x000000000800cb58                TIM1_TRG_COM_TIM11_IRQHandler
                0x000000000800cb58                EXTI1_IRQHandler
                0x000000000800cb58                USART2_IRQHandler
                0x000000000800cb58                I2C2_ER_IRQHandler
                0x000000000800cb58                DMA2_Stream1_IRQHandler
                0x000000000800cb58                FLASH_IRQHandler
                0x000000000800cb58                DMA2_Stream4_IRQHandler
                0x000000000800cb58                SPI3_IRQHandler
                0x000000000800cb58                DMA1_Stream4_IRQHandler
                0x000000000800cb58                I2C1_ER_IRQHandler
                0x000000000800cb58                DMA2_Stream6_IRQHandler
                0x000000000800cb58                DMA1_Stream3_IRQHandler
 *fill*         0x000000000800cb5a        0x2 
 .text.coolant_set_state
                0x000000000800cb5c       0x24 grbl/coolant_control.o
                0x000000000800cb5c                coolant_set_state
 .text.coolant_sync
                0x000000000800cb80       0x22 grbl/coolant_control.o
                0x000000000800cb80                coolant_sync
 *fill*         0x000000000800cba2        0x2 
 .text.init_sync_motion
                0x000000000800cba4       0x9c grbl/gcode.o
 .text.add_output_command.constprop.0
                0x000000000800cc40       0x38 grbl/gcode.o
 .text.gc_get_scaling
                0x000000000800cc78        0x8 grbl/gcode.o
                0x000000000800cc78                gc_get_scaling
 .text.gc_get_g51_state
                0x000000000800cc80       0x30 grbl/gcode.o
                0x000000000800cc80                gc_get_g51_state
 .text.set_scaling.constprop.0
                0x000000000800ccb0       0x44 grbl/gcode.o
 .text.gc_get_offset
                0x000000000800ccf4       0x20 grbl/gcode.o
                0x000000000800ccf4                gc_get_offset
 .text.gc_set_tool_offset
                0x000000000800cd14       0xa0 grbl/gcode.o
                0x000000000800cd14                gc_set_tool_offset
 .text.gc_get_plane_data
                0x000000000800cdb4       0x26 grbl/gcode.o
                0x000000000800cdb4                gc_get_plane_data
 *fill*         0x000000000800cdda        0x2 
 .text.gc_init  0x000000000800cddc       0xc4 grbl/gcode.o
                0x000000000800cddc                gc_init
 .text.gc_execute_block
                0x000000000800cea0     0x2564 grbl/gcode.o
                0x000000000800cea0                gc_execute_block
 .text.dummy_bool_handler
                0x000000000800f404        0x2 grbl/grbllib.o
                0x000000000800f404                dummy_bool_handler
 *fill*         0x000000000800f406        0x2 
 .text.stream_tx_blocking
                0x000000000800f408       0x24 grbl/grbllib.o
 .text.grbl_enter
                0x000000000800f42c      0x21c grbl/grbllib.o
                0x000000000800f42c                grbl_enter
 .text.limits_pull_off
                0x000000000800f648      0x148 grbl/limits.o
 .text.limit_signals_merge
                0x000000000800f790       0x18 grbl/limits.o
                0x000000000800f790                limit_signals_merge
 .text.limit_interrupt_handler
                0x000000000800f7a8       0x3c grbl/limits.o
                0x000000000800f7a8                limit_interrupt_handler
 .text.limits_set_machine_positions
                0x000000000800f7e4       0x90 grbl/limits.o
                0x000000000800f7e4                limits_set_machine_positions
 .text.limits_go_home
                0x000000000800f874      0x4a0 grbl/limits.o
                0x000000000800f874                limits_go_home
 .text.limits_soft_check
                0x000000000800fd14       0x58 grbl/limits.o
                0x000000000800fd14                limits_soft_check
 .text.limits_set_homing_axes
                0x000000000800fd6c       0x2c grbl/limits.o
                0x000000000800fd6c                limits_set_homing_axes
 .text.limits_homing_required
                0x000000000800fd98       0x3c grbl/limits.o
                0x000000000800fd98                limits_homing_required
 .text.eval_bezier
                0x000000000800fdd4       0x3e grbl/motion_control.o
 *fill*         0x000000000800fe12        0x2 
 .text.mc_line  0x000000000800fe14       0x88 grbl/motion_control.o
                0x000000000800fe14                mc_line
 *fill*         0x000000000800fe9c        0x4 
 .text.mc_arc   0x000000000800fea0      0x248 grbl/motion_control.o
                0x000000000800fea0                mc_arc
 .text.mc_cubic_b_spline
                0x00000000080100e8      0x220 grbl/motion_control.o
                0x00000000080100e8                mc_cubic_b_spline
 .text.mc_thread
                0x0000000008010308      0x2d4 grbl/motion_control.o
                0x0000000008010308                mc_thread
 .text.mc_jog_execute
                0x00000000080105dc       0x78 grbl/motion_control.o
                0x00000000080105dc                mc_jog_execute
 .text.mc_dwell
                0x0000000008010654       0x2e grbl/motion_control.o
                0x0000000008010654                mc_dwell
 *fill*         0x0000000008010682        0x2 
 .text.mc_canned_drill
                0x0000000008010684      0x270 grbl/motion_control.o
                0x0000000008010684                mc_canned_drill
 .text.mc_probe_cycle
                0x00000000080108f4      0x124 grbl/motion_control.o
                0x00000000080108f4                mc_probe_cycle
 .text.mc_parking_motion
                0x0000000008010a18       0x38 grbl/motion_control.o
                0x0000000008010a18                mc_parking_motion
 .text.mc_override_ctrl_update
                0x0000000008010a50       0x18 grbl/motion_control.o
                0x0000000008010a50                mc_override_ctrl_update
 .text.mc_reset
                0x0000000008010a68       0x8c grbl/motion_control.o
                0x0000000008010a68                mc_reset
 .text.mc_homing_cycle
                0x0000000008010af4      0x1a4 grbl/motion_control.o
                0x0000000008010af4                mc_homing_cycle
 .text.my_plugin_init
                0x0000000008010c98        0x2 grbl/my_plugin.o
                0x0000000008010c98                my_plugin_init
 *fill*         0x0000000008010c9a        0x2 
 .text.uitoa    0x0000000008010c9c       0x38 grbl/nuts_bolts.o
                0x0000000008010c9c                uitoa
 .text.ftoa     0x0000000008010cd4       0xf0 grbl/nuts_bolts.o
                0x0000000008010cd4                ftoa
 .text.read_float
                0x0000000008010dc4       0xc4 grbl/nuts_bolts.o
                0x0000000008010dc4                read_float
 .text.isintf   0x0000000008010e88       0x34 grbl/nuts_bolts.o
                0x0000000008010e88                isintf
 .text.delay_sec
                0x0000000008010ebc       0x4c grbl/nuts_bolts.o
                0x0000000008010ebc                delay_sec
 .text.convert_delta_vector_to_unit_vector
                0x0000000008010f08       0x58 grbl/nuts_bolts.o
                0x0000000008010f08                convert_delta_vector_to_unit_vector
 .text.calc_checksum
                0x0000000008010f60       0x1e grbl/nuts_bolts.o
                0x0000000008010f60                calc_checksum
 .text.strcaps  0x0000000008010f7e       0x2e grbl/nuts_bolts.o
                0x0000000008010f7e                strcaps
 .text.dummy_handler
                0x0000000008010fac        0x2 grbl/nuts_bolts.o
                0x0000000008010fac                dummy_handler
 *fill*         0x0000000008010fae        0x2 
 .text.ram_get_byte
                0x0000000008010fb0        0xc grbl/nvs_buffer.o
 .text.ram_put_byte
                0x0000000008010fbc       0x28 grbl/nvs_buffer.o
 .text.nvs_warning
                0x0000000008010fe4        0xc grbl/nvs_buffer.o
 .text.memcpy_to_ram
                0x0000000008010ff0      0x134 grbl/nvs_buffer.o
 .text.memcpy_from_ram
                0x0000000008011124       0x80 grbl/nvs_buffer.o
 .text.nvs_buffer_alloc
                0x00000000080111a4       0x1c grbl/nvs_buffer.o
                0x00000000080111a4                nvs_buffer_alloc
 .text.nvs_buffer_init
                0x00000000080111c0       0xfc grbl/nvs_buffer.o
                0x00000000080111c0                nvs_buffer_init
 .text.nvs_buffer_sync_physical
                0x00000000080112bc      0x160 grbl/nvs_buffer.o
                0x00000000080112bc                nvs_buffer_sync_physical
 .text.nvs_buffer_get_physical
                0x000000000801141c       0x20 grbl/nvs_buffer.o
                0x000000000801141c                nvs_buffer_get_physical
 .text.enqueue_feed_override
                0x000000000801143c       0x20 grbl/override.o
                0x000000000801143c                enqueue_feed_override
 .text.get_feed_override
                0x000000000801145c       0x20 grbl/override.o
                0x000000000801145c                get_feed_override
 .text.enqueue_accessory_override
                0x000000000801147c       0x20 grbl/override.o
                0x000000000801147c                enqueue_accessory_override
 .text.get_accessory_override
                0x000000000801149c       0x20 grbl/override.o
                0x000000000801149c                get_accessory_override
 .text.flush_override_buffers
                0x00000000080114bc       0x18 grbl/override.o
                0x00000000080114bc                flush_override_buffers
 .text.limit_acceleration_by_axis_maximum
                0x00000000080114d4       0x44 grbl/planner.o
 .text.plan_cleanup
                0x0000000008011518       0x20 grbl/planner.o
 .text.planner_recalculate
                0x0000000008011538      0x118 grbl/planner.o
 .text.plan_reset
                0x0000000008011650       0x90 grbl/planner.o
                0x0000000008011650                plan_reset
 .text.plan_discard_current_block
                0x00000000080116e0       0x30 grbl/planner.o
                0x00000000080116e0                plan_discard_current_block
 .text.plan_get_system_motion_block
                0x0000000008011710        0xc grbl/planner.o
                0x0000000008011710                plan_get_system_motion_block
 .text.plan_get_current_block
                0x000000000801171c       0x18 grbl/planner.o
                0x000000000801171c                plan_get_current_block
 .text.plan_get_exec_block_exit_speed_sqr
                0x0000000008011734       0x24 grbl/planner.o
                0x0000000008011734                plan_get_exec_block_exit_speed_sqr
 .text.plan_check_full_buffer
                0x0000000008011758       0x18 grbl/planner.o
                0x0000000008011758                plan_check_full_buffer
 .text.plan_compute_profile_nominal_speed
                0x0000000008011770       0x98 grbl/planner.o
                0x0000000008011770                plan_compute_profile_nominal_speed
 .text.plan_update_velocity_profile_parameters
                0x0000000008011808       0x68 grbl/planner.o
                0x0000000008011808                plan_update_velocity_profile_parameters
 .text.plan_buffer_line
                0x0000000008011870      0x35c grbl/planner.o
                0x0000000008011870                plan_buffer_line
 .text.plan_sync_position
                0x0000000008011bcc       0x14 grbl/planner.o
                0x0000000008011bcc                plan_sync_position
 .text.plan_get_block_buffer_available
                0x0000000008011be0       0x34 grbl/planner.o
                0x0000000008011be0                plan_get_block_buffer_available
 .text.plan_cycle_reinitialize
                0x0000000008011c14       0x20 grbl/planner.o
                0x0000000008011c14                plan_cycle_reinitialize
 .text.plan_feed_override
                0x0000000008011c34       0x40 grbl/planner.o
                0x0000000008011c34                plan_feed_override
 .text.protocol_enqueue_gcode
                0x0000000008011c74       0x60 grbl/protocol.o
                0x0000000008011c74                protocol_enqueue_gcode
 .text.protocol_auto_cycle_start
                0x0000000008011cd4       0x20 grbl/protocol.o
                0x0000000008011cd4                protocol_auto_cycle_start
 .text.protocol_exec_rt_system
                0x0000000008011cf4      0x410 grbl/protocol.o
                0x0000000008011cf4                protocol_exec_rt_system
 .text.protocol_execute_realtime
                0x0000000008012104       0xa0 grbl/protocol.o
                0x0000000008012104                protocol_execute_realtime
 .text.protocol_main_loop
                0x00000000080121a4      0x4a8 grbl/protocol.o
                0x00000000080121a4                protocol_main_loop
 .text.protocol_buffer_synchronize
                0x000000000801264c       0x22 grbl/protocol.o
                0x000000000801264c                protocol_buffer_synchronize
 *fill*         0x000000000801266e        0x2 
 .text.protocol_enqueue_realtime_command
                0x0000000008012670      0x214 grbl/protocol.o
                0x0000000008012670                protocol_enqueue_realtime_command
 .text.protocol_enqueue_rt_command
                0x0000000008012884       0x40 grbl/protocol.o
                0x0000000008012884                protocol_enqueue_rt_command
 .text.protocol_execute_noop
                0x00000000080128c4        0x2 grbl/protocol.o
                0x00000000080128c4                protocol_execute_noop
 .text.axis_signals_tostring
                0x00000000080128c6       0x26 grbl/report.o
 .text.control_signals_tostring
                0x00000000080128ec       0x94 grbl/report.o
 .text.report_feedback_message
                0x0000000008012980      0x114 grbl/report.o
                0x0000000008012980                report_feedback_message
 .text.cmp_settings
                0x0000000008012a94        0xc grbl/report.o
 .text.add_limits
                0x0000000008012aa0       0x34 grbl/report.o
 .text.get_rate_value_mm
                0x0000000008012ad4        0xc grbl/report.o
 .text.get_rate_value_inch
                0x0000000008012ae0       0x18 grbl/report.o
 .text.get_axis_values_mm
                0x0000000008012af8       0x6c grbl/report.o
 .text.get_axis_values_inches
                0x0000000008012b64       0x7c grbl/report.o
 .text.get_axis_value_mm
                0x0000000008012be0       0x18 grbl/report.o
 .text.get_axis_value_inches
                0x0000000008012bf8       0x24 grbl/report.o
 .text.map_coord_system
                0x0000000008012c1c       0x44 grbl/report.o
 .text.appendbuf
                0x0000000008012c60       0x38 grbl/report.o
 .text.report_setting
                0x0000000008012c98       0x58 grbl/report.o
 .text.report_bitfield
                0x0000000008012cf0       0xcc grbl/report.o
 .text.report_settings_detail
                0x0000000008012dbc      0x228 grbl/report.o
 .text.print_unsorted
                0x0000000008012fe4       0x32 grbl/report.o
 .text.print_sorted
                0x0000000008013016       0x20 grbl/report.o
 .text.cmp_setting_group_name
                0x0000000008013036        0xc grbl/report.o
 *fill*         0x0000000008013042        0x2 
 .text.print_setting
                0x0000000008013044       0x44 grbl/report.o
 .text.report_status_message
                0x0000000008013088       0x38 grbl/report.o
                0x0000000008013088                report_status_message
 .text.print_settings_details.isra.0
                0x00000000080130c0      0x190 grbl/report.o
 .text.report_group_settings
                0x0000000008013250       0x64 grbl/report.o
 .text.print_setting_group
                0x00000000080132b4       0x94 grbl/report.o
 .text.cmp_setting_group_id
                0x0000000008013348        0xc grbl/report.o
 .text.report_init
                0x0000000008013354       0x5c grbl/report.o
                0x0000000008013354                report_init
 .text.report_init_fns
                0x00000000080133b0       0x14 grbl/report.o
                0x00000000080133b0                report_init_fns
 .text.report_alarm_message
                0x00000000080133c4       0x38 grbl/report.o
                0x00000000080133c4                report_alarm_message
 .text.report_message
                0x00000000080133fc       0x54 grbl/report.o
                0x00000000080133fc                report_message
 .text.report_init_message
                0x0000000008013450       0x24 grbl/report.o
                0x0000000008013450                report_init_message
 .text.report_grbl_help
                0x0000000008013474       0x14 grbl/report.o
                0x0000000008013474                report_grbl_help
 .text.report_grbl_setting
                0x0000000008013488       0x28 grbl/report.o
                0x0000000008013488                report_grbl_setting
 .text.report_grbl_settings
                0x00000000080134b0       0xe8 grbl/report.o
                0x00000000080134b0                report_grbl_settings
 .text.report_probe_parameters
                0x0000000008013598       0x68 grbl/report.o
                0x0000000008013598                report_probe_parameters
 .text.report_home_position
                0x0000000008013600       0x58 grbl/report.o
                0x0000000008013600                report_home_position
 .text.report_tool_offsets
                0x0000000008013658       0x3c grbl/report.o
                0x0000000008013658                report_tool_offsets
 .text.report_ngc_parameters
                0x0000000008013694      0x168 grbl/report.o
                0x0000000008013694                report_ngc_parameters
 .text.report_gcode_modes
                0x00000000080137fc      0x36c grbl/report.o
                0x00000000080137fc                report_gcode_modes
 .text.report_startup_line
                0x0000000008013b68       0x40 grbl/report.o
                0x0000000008013b68                report_startup_line
 .text.report_execute_startup_message
                0x0000000008013ba8       0x3c grbl/report.o
                0x0000000008013ba8                report_execute_startup_message
 .text.report_build_info
                0x0000000008013be4      0x3ac grbl/report.o
                0x0000000008013be4                report_build_info
 .text.report_realtime_status
                0x0000000008013f90      0x894 grbl/report.o
                0x0000000008013f90                report_realtime_status
 .text.report_settings_details
                0x0000000008014824       0x34 grbl/report.o
                0x0000000008014824                report_settings_details
 .text.report_alarm_details
                0x0000000008014858       0x70 grbl/report.o
                0x0000000008014858                report_alarm_details
 .text.report_error_details
                0x00000000080148c8       0x70 grbl/report.o
                0x00000000080148c8                report_error_details
 .text.report_setting_group_details
                0x0000000008014938       0xbc grbl/report.o
                0x0000000008014938                report_setting_group_details
 .text.report_help
                0x00000000080149f4      0x188 grbl/report.o
                0x00000000080149f4                report_help
 .text.report_last_signals_event
                0x0000000008014b7c       0x54 grbl/report.o
                0x0000000008014b7c                report_last_signals_event
 .text.report_current_limit_state
                0x0000000008014bd0       0x44 grbl/report.o
                0x0000000008014bd0                report_current_limit_state
 .text.report_spindle_data
                0x0000000008014c14       0x98 grbl/report.o
                0x0000000008014c14                report_spindle_data
 .text.report_pid_log
                0x0000000008014cac        0xc grbl/report.o
                0x0000000008014cac                report_pid_log
 .text.set_probe_invert
                0x0000000008014cb8       0x34 grbl/settings.o
 .text.set_report_mask
                0x0000000008014cec       0x10 grbl/settings.o
 .text.set_control_invert
                0x0000000008014cfc       0x1c grbl/settings.o
 .text.set_control_disable_pullup
                0x0000000008014d18       0x1c grbl/settings.o
 .text.set_probe_disable_pullup
                0x0000000008014d34       0x2c grbl/settings.o
 .text.set_soft_limits_enable
                0x0000000008014d60       0x2c grbl/settings.o
 .text.set_hard_limits_enable
                0x0000000008014d8c       0x30 grbl/settings.o
 .text.set_jog_soft_limited
                0x0000000008014dbc       0x2c grbl/settings.o
 .text.set_enable_legacy_rt_commands
                0x0000000008014de8       0x1c grbl/settings.o
 .text.set_mode
                0x0000000008014e04       0x70 grbl/settings.o
 .text.set_sleep_enable
                0x0000000008014e74       0x1c grbl/settings.o
 .text.set_hold_actions
                0x0000000008014e90       0x28 grbl/settings.o
 .text.set_force_initialization_alarm
                0x0000000008014eb8       0x1c grbl/settings.o
 .text.set_probe_allow_feed_override
                0x0000000008014ed4       0x1c grbl/settings.o
 .text.set_tool_change_probing_distance
                0x0000000008014ef0       0x20 grbl/settings.o
 .text.get_int  0x0000000008014f10      0x174 grbl/settings.o
 .text.is_available
                0x0000000008015084       0x12 grbl/settings.o
 .text.remove_element
                0x0000000008015096       0x48 grbl/settings.o
 *fill*         0x00000000080150de        0x2 
 .text.set_tool_change_mode
                0x00000000080150e0       0x34 grbl/settings.o
 .text.set_homing_cycle
                0x0000000008015114       0x18 grbl/settings.o
 .text.set_report_inches
                0x000000000801512c       0x28 grbl/settings.o
 .text.get_decimal_places
                0x0000000008015154       0x24 grbl/settings.o
 .text.validate_value
                0x0000000008015178       0x70 grbl/settings.o
 .text.set_spindle_invert
                0x00000000080151e8       0x38 grbl/settings.o
 .text.set_homing_enable
                0x0000000008015220       0x54 grbl/settings.o
 .text.normalize_id
                0x0000000008015274       0x3a grbl/settings.o
 *fill*         0x00000000080152ae        0x2 
 .text.is_setting_available
                0x00000000080152b0       0x6c grbl/settings.o
 .text.settings_write_global
                0x000000000801531c       0x34 grbl/settings.o
                0x000000000801531c                settings_write_global
 .text.strnumentries.constprop.0
                0x0000000008015350       0x20 grbl/settings.o
 .text.settings_get_details
                0x0000000008015370       0x14 grbl/settings.o
                0x0000000008015370                settings_get_details
 .text.settings_get_axis_base
                0x0000000008015384       0x16 grbl/settings.o
                0x0000000008015384                settings_get_axis_base
 *fill*         0x000000000801539a        0x2 
 .text.get_float
                0x000000000801539c       0xa8 grbl/settings.o
 .text.set_axis_setting
                0x0000000008015444      0x118 grbl/settings.o
 .text.setting_get_value
                0x000000000801555c       0x98 grbl/settings.o
                0x000000000801555c                setting_get_value
 .text.settings_write_build_info
                0x00000000080155f4       0x2c grbl/settings.o
                0x00000000080155f4                settings_write_build_info
 .text.settings_read_build_info
                0x0000000008015620       0x34 grbl/settings.o
                0x0000000008015620                settings_read_build_info
 .text.settings_write_startup_line
                0x0000000008015654       0x48 grbl/settings.o
                0x0000000008015654                settings_write_startup_line
 .text.settings_read_startup_line
                0x000000000801569c       0x60 grbl/settings.o
                0x000000000801569c                settings_read_startup_line
 .text.settings_write_coord_data
                0x00000000080156fc       0x48 grbl/settings.o
                0x00000000080156fc                settings_write_coord_data
 .text.settings_read_coord_data
                0x0000000008015744       0x60 grbl/settings.o
                0x0000000008015744                settings_read_coord_data
 .text.read_global_settings
                0x00000000080157a4       0x44 grbl/settings.o
                0x00000000080157a4                read_global_settings
 .text.settings_restore
                0x00000000080157e8       0xe4 grbl/settings.o
                0x00000000080157e8                settings_restore
 .text.settings_is_group_available
                0x00000000080158cc       0xbc grbl/settings.o
                0x00000000080158cc                settings_is_group_available
 .text.settings_normalize_group
                0x0000000008015988        0xc grbl/settings.o
                0x0000000008015988                settings_normalize_group
 .text.settings_iterator
                0x0000000008015994       0xc0 grbl/settings.o
                0x0000000008015994                settings_iterator
 .text.setting_get_details
                0x0000000008015a54       0x8c grbl/settings.o
                0x0000000008015a54                setting_get_details
 .text.setting_remove_element
                0x0000000008015ae0       0x2e grbl/settings.o
 .text.setting_datatype_to_external
                0x0000000008015b0e        0xc grbl/settings.o
                0x0000000008015b0e                setting_datatype_to_external
 .text.setting_is_list
                0x0000000008015b1a        0xe grbl/settings.o
                0x0000000008015b1a                setting_is_list
 .text.setting_validate_me
                0x0000000008015b28       0xd0 grbl/settings.o
                0x0000000008015b28                setting_validate_me
 .text.settings_store_setting
                0x0000000008015bf8      0x16c grbl/settings.o
                0x0000000008015bf8                settings_store_setting
 .text.settings_init
                0x0000000008015d64       0xbc grbl/settings.o
                0x0000000008015d64                settings_init
 .text.fall_asleep
                0x0000000008015e20        0xc grbl/sleep.o
 .text.sleep_execute
                0x0000000008015e2c       0x70 grbl/sleep.o
 .text.sleep_check
                0x0000000008015e9c       0x44 grbl/sleep.o
                0x0000000008015e9c                sleep_check
 .text.spindle_set_rpm
                0x0000000008015ee0       0x68 grbl/spindle_control.o
                0x0000000008015ee0                spindle_set_rpm
 .text.spindle_set_state
                0x0000000008015f48       0x8c grbl/spindle_control.o
                0x0000000008015f48                spindle_set_state
 .text.spindle_set_override
                0x0000000008015fd4       0x50 grbl/spindle_control.o
                0x0000000008015fd4                spindle_set_override
 .text.spindle_sync
                0x0000000008016024       0xb4 grbl/spindle_control.o
                0x0000000008016024                spindle_sync
 .text.spindle_restore
                0x00000000080160d8       0x98 grbl/spindle_control.o
                0x00000000080160d8                spindle_restore
 .text.spindle_precompute_pwm_values
                0x0000000008016170       0xdc grbl/spindle_control.o
                0x0000000008016170                spindle_precompute_pwm_values
 .text.spindle_compute_pwm_value
                0x000000000801624c       0x70 grbl/spindle_control.o
                0x000000000801624c                spindle_compute_pwm_value
 .text.state_noop
                0x00000000080162bc        0x2 grbl/state_machine.o
 *fill*         0x00000000080162be        0x2 
 .text.restart_retract
                0x00000000080162c0       0x54 grbl/state_machine.o
 .text.state_await_hold.part.0
                0x0000000008016314      0x178 grbl/state_machine.o
 .text.state_await_hold
                0x000000000801648c        0xa grbl/state_machine.o
 *fill*         0x0000000008016496        0x2 
 .text.state_await_waypoint_retract
                0x0000000008016498       0xe4 grbl/state_machine.o
 .text.state_restore_conditions.constprop.0
                0x000000000801657c       0x5c grbl/state_machine.o
 .text.state_restore
                0x00000000080165d8       0x9c grbl/state_machine.o
 .text.state_await_waypoint_cancel
                0x0000000008016674       0x2c grbl/state_machine.o
 .text.initiate_hold
                0x00000000080166a0       0xec grbl/state_machine.o
                0x00000000080166a0                initiate_hold
 .text.state_door_reopened
                0x000000000801678c       0x20 grbl/state_machine.o
                0x000000000801678c                state_door_reopened
 .text.state_get
                0x00000000080167ac        0xc grbl/state_machine.o
                0x00000000080167ac                state_get
 .text.state_set
                0x00000000080167b8      0x198 grbl/state_machine.o
                0x00000000080167b8                state_set
 .text.state_idle
                0x0000000008016950       0x44 grbl/state_machine.o
 .text.state_await_resume
                0x0000000008016994      0x170 grbl/state_machine.o
 .text.state_await_restore
                0x0000000008016b04       0xac grbl/state_machine.o
 .text.state_await_resumed
                0x0000000008016bb0       0x38 grbl/state_machine.o
 .text.state_update
                0x0000000008016be8       0x20 grbl/state_machine.o
                0x0000000008016be8                state_update
 .text.state_await_toolchanged
                0x0000000008016c08       0x64 grbl/state_machine.o
 .text.state_cycle
                0x0000000008016c6c       0x70 grbl/state_machine.o
 .text.state_await_motion_cancel
                0x0000000008016cdc       0x60 grbl/state_machine.o
 .text.state_suspend_manager
                0x0000000008016d3c       0xb8 grbl/state_machine.o
                0x0000000008016d3c                state_suspend_manager
 .text.output_message
                0x0000000008016df4       0x20 grbl/stepper.o
 .text.st_deenergize
                0x0000000008016e14       0x28 grbl/stepper.o
                0x0000000008016e14                st_deenergize
 .text.st_wake_up
                0x0000000008016e3c       0x18 grbl/stepper.o
                0x0000000008016e3c                st_wake_up
 .text.st_go_idle
                0x0000000008016e54       0x5c grbl/stepper.o
                0x0000000008016e54                st_go_idle
 .text.stepper_driver_interrupt_handler
                0x0000000008016eb0      0x254 grbl/stepper.o
                0x0000000008016eb0                stepper_driver_interrupt_handler
 .text.st_reset
                0x0000000008017104      0x10c grbl/stepper.o
                0x0000000008017104                st_reset
 .text.st_rpm_changed
                0x0000000008017210        0xc grbl/stepper.o
                0x0000000008017210                st_rpm_changed
 .text.st_update_plan_block_parameters
                0x000000000801721c       0x2c grbl/stepper.o
                0x000000000801721c                st_update_plan_block_parameters
 .text.st_parking_setup_buffer
                0x0000000008017248       0x60 grbl/stepper.o
                0x0000000008017248                st_parking_setup_buffer
 .text.st_parking_restore_buffer
                0x00000000080172a8       0x70 grbl/stepper.o
                0x00000000080172a8                st_parking_restore_buffer
 .text.st_prep_buffer
                0x0000000008017318      0x720 grbl/stepper.o
                0x0000000008017318                st_prep_buffer
 .text.st_get_realtime_rate
                0x0000000008017a38       0x20 grbl/stepper.o
                0x0000000008017a38                st_get_realtime_rate
 .text.spindle_reset_data
                0x0000000008017a58       0x1c grbl/system.o
                0x0000000008017a58                spindle_reset_data
 .text.toggle_block_delete
                0x0000000008017a74       0x30 grbl/system.o
 .text.enumerate_alarms
                0x0000000008017aa4        0x4 grbl/system.o
 .text.enumerate_errors
                0x0000000008017aa8        0x4 grbl/system.o
 .text.enumerate_groups
                0x0000000008017aac        0x8 grbl/system.o
 .text.enumerate_all
                0x0000000008017ab4       0x22 grbl/system.o
 .text.enumerate_settings
                0x0000000008017ad6        0xc grbl/system.o
 .text.jog      0x0000000008017ae2       0x2a grbl/system.o
 .text.output_startup_lines
                0x0000000008017b0c       0x58 grbl/system.o
 .text.settings_reset
                0x0000000008017b64       0x60 grbl/system.o
 .text.output_all_build_info
                0x0000000008017bc4       0x1a grbl/system.o
 .text.tool_probe_workpiece
                0x0000000008017bde        0x4 grbl/system.o
 *fill*         0x0000000008017be2        0x2 
 .text.set_tool_reference
                0x0000000008017be4       0x50 grbl/system.o
 .text.output_help
                0x0000000008017c34        0x6 grbl/system.o
 .text.output_ngc_parameters
                0x0000000008017c3a        0xa grbl/system.o
 .text.output_parser_state
                0x0000000008017c44       0x18 grbl/system.o
 .text.enter_sleep
                0x0000000008017c5c       0x34 grbl/system.o
 .text.set_startup_line
                0x0000000008017c90       0x46 grbl/system.o
 .text.set_startup_line1
                0x0000000008017cd6        0x6 grbl/system.o
 .text.set_startup_line0
                0x0000000008017cdc        0x6 grbl/system.o
 .text.build_info
                0x0000000008017ce2       0x40 grbl/system.o
 *fill*         0x0000000008017d22        0x2 
 .text.check_mode
                0x0000000008017d24       0x30 grbl/system.o
 .text.disable_lock
                0x0000000008017d54       0x8c grbl/system.o
 .text.control_interrupt_handler
                0x0000000008017de0       0xa4 grbl/system.o
                0x0000000008017de0                control_interrupt_handler
 .text.system_execute_startup
                0x0000000008017e84       0x44 grbl/system.o
                0x0000000008017e84                system_execute_startup
 .text.go_home.isra.0
                0x0000000008017ec8       0xd4 grbl/system.o
 .text.home_z   0x0000000008017f9c        0x8 grbl/system.o
 .text.home_y   0x0000000008017fa4        0x8 grbl/system.o
 .text.home_x   0x0000000008017fac        0x8 grbl/system.o
 .text.home     0x0000000008017fb4        0x8 grbl/system.o
 .text.read_int
                0x0000000008017fbc       0x4c grbl/system.o
                0x0000000008017fbc                read_int
 .text.output_all_settings
                0x0000000008018008       0x38 grbl/system.o
 .text.output_settings
                0x0000000008018040       0x38 grbl/system.o
 .text.system_execute_line
                0x0000000008018078      0x184 grbl/system.o
                0x0000000008018078                system_execute_line
 .text.system_flag_wco_change
                0x00000000080181fc       0x24 grbl/system.o
                0x00000000080181fc                system_flag_wco_change
 .text.system_convert_array_steps_to_mpos
                0x0000000008018220       0x28 grbl/system.o
                0x0000000008018220                system_convert_array_steps_to_mpos
 .text.system_check_travel_limits
                0x0000000008018248       0xac grbl/system.o
                0x0000000008018248                system_check_travel_limits
 .text.system_apply_jog_limits
                0x00000000080182f4       0xd4 grbl/system.o
                0x00000000080182f4                system_apply_jog_limits
 .text.system_raise_alarm
                0x00000000080183c8       0x30 grbl/system.o
                0x00000000080183c8                system_raise_alarm
 .text.change_completed
                0x00000000080183f8       0x68 grbl/tool_change.o
 .text.reset    0x0000000008018460       0x6c grbl/tool_change.o
 .text.trap_control_cycle_start
                0x00000000080184cc       0x6c grbl/tool_change.o
 .text.trap_stream_cycle_start
                0x0000000008018538       0x7c grbl/tool_change.o
 .text.execute_warning
                0x00000000080185b4        0xc grbl/tool_change.o
 .text.restore  0x00000000080185c0       0xfc grbl/tool_change.o
 .text.execute_probe
                0x00000000080186bc      0x174 grbl/tool_change.o
 .text.tool_select
                0x0000000008018830       0x30 grbl/tool_change.o
 .text.tool_change
                0x0000000008018860      0x1f0 grbl/tool_change.o
 .text.on_probe_completed
                0x0000000008018a50       0x40 grbl/tool_change.o
 .text.execute_restore
                0x0000000008018a90       0x3c grbl/tool_change.o
 .text.tc_init  0x0000000008018acc       0x80 grbl/tool_change.o
                0x0000000008018acc                tc_init
 .text.tc_clear_tlo_reference
                0x0000000008018b4c       0x54 grbl/tool_change.o
                0x0000000008018b4c                tc_clear_tlo_reference
 .text.tc_probe_workpiece
                0x0000000008018ba0      0x144 grbl/tool_change.o
                0x0000000008018ba0                tc_probe_workpiece
 .text.__assert_func
                0x0000000008018ce4       0x3c c:/st/stm32cubeide_1.5.0/stm32cubeide/plugins/com.st.stm32cube.ide.mcu.externaltools.gnu-tools-for-stm32.9-2020-q2-update.win32_1.5.0.202011040924/tools/bin/../lib/gcc/arm-none-eabi/9.3.1/../../../../arm-none-eabi/lib/thumb/v7e-m+fp/hard\libc_nano.a(lib_a-assert.o)
                0x0000000008018ce4                __assert_func
 .text.calloc   0x0000000008018d20       0x10 c:/st/stm32cubeide_1.5.0/stm32cubeide/plugins/com.st.stm32cube.ide.mcu.externaltools.gnu-tools-for-stm32.9-2020-q2-update.win32_1.5.0.202011040924/tools/bin/../lib/gcc/arm-none-eabi/9.3.1/../../../../arm-none-eabi/lib/thumb/v7e-m+fp/hard\libc_nano.a(lib_a-calloc.o)
                0x0000000008018d20                calloc
 .text.__errno  0x0000000008018d30        0xc c:/st/stm32cubeide_1.5.0/stm32cubeide/plugins/com.st.stm32cube.ide.mcu.externaltools.gnu-tools-for-stm32.9-2020-q2-update.win32_1.5.0.202011040924/tools/bin/../lib/gcc/arm-none-eabi/9.3.1/../../../../arm-none-eabi/lib/thumb/v7e-m+fp/hard\libc_nano.a(lib_a-errno.o)
                0x0000000008018d30                __errno
 .text.fprintf  0x0000000008018d3c       0x24 c:/st/stm32cubeide_1.5.0/stm32cubeide/plugins/com.st.stm32cube.ide.mcu.externaltools.gnu-tools-for-stm32.9-2020-q2-update.win32_1.5.0.202011040924/tools/bin/../lib/gcc/arm-none-eabi/9.3.1/../../../../arm-none-eabi/lib/thumb/v7e-m+fp/hard\libc_nano.a(lib_a-fprintf.o)
                0x0000000008018d3c                fiprintf
                0x0000000008018d3c                fprintf
 .text.__libc_init_array
                0x0000000008018d60       0x48 c:/st/stm32cubeide_1.5.0/stm32cubeide/plugins/com.st.stm32cube.ide.mcu.externaltools.gnu-tools-for-stm32.9-2020-q2-update.win32_1.5.0.202011040924/tools/bin/../lib/gcc/arm-none-eabi/9.3.1/../../../../arm-none-eabi/lib/thumb/v7e-m+fp/hard\libc_nano.a(lib_a-init.o)
                0x0000000008018d60                __libc_init_array
 .text.malloc   0x0000000008018da8       0x10 c:/st/stm32cubeide_1.5.0/stm32cubeide/plugins/com.st.stm32cube.ide.mcu.externaltools.gnu-tools-for-stm32.9-2020-q2-update.win32_1.5.0.202011040924/tools/bin/../lib/gcc/arm-none-eabi/9.3.1/../../../../arm-none-eabi/lib/thumb/v7e-m+fp/hard\libc_nano.a(lib_a-malloc.o)
                0x0000000008018da8                malloc
 .text.free     0x0000000008018db8       0x10 c:/st/stm32cubeide_1.5.0/stm32cubeide/plugins/com.st.stm32cube.ide.mcu.externaltools.gnu-tools-for-stm32.9-2020-q2-update.win32_1.5.0.202011040924/tools/bin/../lib/gcc/arm-none-eabi/9.3.1/../../../../arm-none-eabi/lib/thumb/v7e-m+fp/hard\libc_nano.a(lib_a-malloc.o)
                0x0000000008018db8                free
 .text.memcmp   0x0000000008018dc8       0x1c c:/st/stm32cubeide_1.5.0/stm32cubeide/plugins/com.st.stm32cube.ide.mcu.externaltools.gnu-tools-for-stm32.9-2020-q2-update.win32_1.5.0.202011040924/tools/bin/../lib/gcc/arm-none-eabi/9.3.1/../../../../arm-none-eabi/lib/thumb/v7e-m+fp/hard\libc_nano.a(lib_a-memcmp.o)
                0x0000000008018dc8                memcmp
 .text.memcpy   0x0000000008018de4       0x1c c:/st/stm32cubeide_1.5.0/stm32cubeide/plugins/com.st.stm32cube.ide.mcu.externaltools.gnu-tools-for-stm32.9-2020-q2-update.win32_1.5.0.202011040924/tools/bin/../lib/gcc/arm-none-eabi/9.3.1/../../../../arm-none-eabi/lib/thumb/v7e-m+fp/hard\libc_nano.a(lib_a-memcpy-stub.o)
                0x0000000008018de4                memcpy
 .text.memset   0x0000000008018e00       0x10 c:/st/stm32cubeide_1.5.0/stm32cubeide/plugins/com.st.stm32cube.ide.mcu.externaltools.gnu-tools-for-stm32.9-2020-q2-update.win32_1.5.0.202011040924/tools/bin/../lib/gcc/arm-none-eabi/9.3.1/../../../../arm-none-eabi/lib/thumb/v7e-m+fp/hard\libc_nano.a(lib_a-memset.o)
                0x0000000008018e00                memset
 .text._calloc_r
                0x0000000008018e10       0x1e c:/st/stm32cubeide_1.5.0/stm32cubeide/plugins/com.st.stm32cube.ide.mcu.externaltools.gnu-tools-for-stm32.9-2020-q2-update.win32_1.5.0.202011040924/tools/bin/../lib/gcc/arm-none-eabi/9.3.1/../../../../arm-none-eabi/lib/thumb/v7e-m+fp/hard\libc_nano.a(lib_a-nano-callocr.o)
                0x0000000008018e10                _calloc_r
 *fill*         0x0000000008018e2e        0x2 
 .text._free_r  0x0000000008018e30       0xa0 c:/st/stm32cubeide_1.5.0/stm32cubeide/plugins/com.st.stm32cube.ide.mcu.externaltools.gnu-tools-for-stm32.9-2020-q2-update.win32_1.5.0.202011040924/tools/bin/../lib/gcc/arm-none-eabi/9.3.1/../../../../arm-none-eabi/lib/thumb/v7e-m+fp/hard\libc_nano.a(lib_a-nano-freer.o)
                0x0000000008018e30                _free_r
 .text._malloc_r
                0x0000000008018ed0       0xb4 c:/st/stm32cubeide_1.5.0/stm32cubeide/plugins/com.st.stm32cube.ide.mcu.externaltools.gnu-tools-for-stm32.9-2020-q2-update.win32_1.5.0.202011040924/tools/bin/../lib/gcc/arm-none-eabi/9.3.1/../../../../arm-none-eabi/lib/thumb/v7e-m+fp/hard\libc_nano.a(lib_a-nano-mallocr.o)
                0x0000000008018ed0                _malloc_r
 .text.__sfputc_r
                0x0000000008018f84       0x2e c:/st/stm32cubeide_1.5.0/stm32cubeide/plugins/com.st.stm32cube.ide.mcu.externaltools.gnu-tools-for-stm32.9-2020-q2-update.win32_1.5.0.202011040924/tools/bin/../lib/gcc/arm-none-eabi/9.3.1/../../../../arm-none-eabi/lib/thumb/v7e-m+fp/hard\libc_nano.a(lib_a-nano-vfprintf.o)
 .text.__sfputs_r