cmsis_gcc.h:129:27:__enable_irq	0	static,ignoring_inline_asm
cmsis_gcc.h:140:27:__disable_irq	0	static,ignoring_inline_asm
driver.c:249:13:stepperEnable	0	static
driver.c:269:13:stepperWakeUp	8	static
driver.c:279:13:stepperGoIdle	0	static
driver.c:287:13:stepperCyclesPerTick	0	static
driver.c:325:13:stepperPulseStart	8	static
driver.c:486:31:limitsGetState	8	static
driver.c:517:26:systemGetState	0	static
driver.c:556:13:probeConfigure	0	static
driver.c:564:15:probeGetState	0	static
driver.c:671:24:spindleGetState	0	static
driver.c:790:13:coolantSetState	0	static
driver.c:800:24:coolantGetState	0	static
driver.c:814:13:bitsSetAtomic	0	static,ignoring_inline_asm
driver.c:821:22:bitsClearAtomic	0	static,ignoring_inline_asm
driver.c:830:22:valueSetAtomic	0	static,ignoring_inline_asm
driver.c:839:17:getElapsedTicks	0	static
driver.c:635:22:spindleGetPWM	0	static
driver.c:236:13:driver_delay	0	static
driver.c:348:13:stepperPulseStartDelayed	12	static
driver.c:471:13:limitsEnable	0	static
driver.c:613:13:spindle_set_speed	0	static
driver.c:845:6:settings_changed	72	static
driver.c:1157:13:driver_setup	72	static
driver.c:650:13:spindleSetStateVariable	8	static
driver.c:600:13:spindleSetState	0	static
driver.c:1356:6:driver_init	8	static
driver.c:1534:6:TIM5_IRQHandler	0	static
driver.c:1561:6:TIM4_IRQHandler	8	static
driver.c:1576:6:TIM1_BRK_TIM9_IRQHandler	16	static
driver.c:1785:6:EXTI9_5_IRQHandler	8	static
driver.c:1821:6:EXTI15_10_IRQHandler	16	static
driver.c:1871:6:HAL_IncTick	16	static
