cmsis_gcc.h:129:27:__enable_irq	0	static,ignoring_inline_asm
cmsis_gcc.h:140:27:__disable_irq	0	static,ignoring_inline_asm
driver.c:249:13:stepperEnable	0	static
driver.c:269:13:stepperWakeUp	8	static
driver.c:279:13:stepperGoIdle	0	static
driver.c:287:13:stepperCyclesPerTick	0	static
driver.c:325:13:stepperPulseStart	8	static
driver.c:486:31:limitsGetState	8	static
driver.c:519:26:systemGetState	0	static
driver.c:570:13:probeConfigure	0	static
driver.c:578:15:probeGetState	0	static
driver.c:685:24:spindleGetState	0	static
driver.c:804:13:coolantSetState	0	static
driver.c:814:24:coolantGetState	0	static
driver.c:828:13:bitsSetAtomic	0	static,ignoring_inline_asm
driver.c:835:22:bitsClearAtomic	0	static,ignoring_inline_asm
driver.c:844:22:valueSetAtomic	0	static,ignoring_inline_asm
driver.c:853:17:getElapsedTicks	0	static
driver.c:649:22:spindleGetPWM	0	static
driver.c:236:13:driver_delay	0	static
driver.c:348:13:stepperPulseStartDelayed	12	static
driver.c:471:13:limitsEnable	0	static
driver.c:627:13:spindle_set_speed	0	static
driver.c:859:6:settings_changed	72	static
driver.c:1171:13:driver_setup	72	static
driver.c:664:13:spindleSetStateVariable	8	static
driver.c:614:13:spindleSetState	0	static
driver.c:1370:6:driver_init	8	static
driver.c:1551:6:TIM5_IRQHandler	0	static
driver.c:1578:6:TIM4_IRQHandler	8	static
driver.c:1593:6:TIM1_BRK_TIM9_IRQHandler	16	static
driver.c:1802:6:EXTI9_5_IRQHandler	8	static
driver.c:1838:6:EXTI15_10_IRQHandler	16	static
driver.c:1888:6:HAL_IncTick	16	static
